 index

 Timestamp is 5b503dac (Thu Jul 19 15:28:44 2018)

 Preferred load address is 0000000180000000

 Start         Length     Name                   Class
 0001:00000000 00000120H .text$di                CODE
 0001:00000120 00018183H .text$mn                CODE
 0001:000182b0 00000590H .text$x                 CODE
 0001:00018840 00000134H .text$yd                CODE
 0002:00000000 00000258H .idata$5                DATA
 0002:00000258 00000008H .CRT$XCA                DATA
 0002:00000260 00000038H .CRT$XCC                DATA
 0002:00000298 00000010H .CRT$XCL                DATA
 0002:000002a8 00000018H .CRT$XCU                DATA
 0002:000002c0 00000008H .CRT$XCZ                DATA
 0002:000002c8 00000008H .CRT$XIA                DATA
 0002:000002d0 00000020H .CRT$XIC                DATA
 0002:000002f0 00000008H .CRT$XIZ                DATA
 0002:000002f8 00000008H .CRT$XPA                DATA
 0002:00000300 00000010H .CRT$XPX                DATA
 0002:00000310 00000008H .CRT$XPXA               DATA
 0002:00000318 00000008H .CRT$XPZ                DATA
 0002:00000320 00000008H .CRT$XTA                DATA
 0002:00000328 00000008H .CRT$XTZ                DATA
 0002:00000330 000088a0H .rdata                  DATA
 0002:00008bd0 0000005cH .rdata$debug            DATA
 0002:00008c30 00000cbcH .rdata$r                DATA
 0002:000098f0 00000008H .rtc$IAA                DATA
 0002:000098f8 00000008H .rtc$IZZ                DATA
 0002:00009900 00000008H .rtc$TAA                DATA
 0002:00009908 00000008H .rtc$TZZ                DATA
 0002:00009910 00001578H .xdata                  DATA
 0002:0000ae88 0000023cH .xdata$x                DATA
 0002:0000b0c4 00000020H .didat$2                DATA
 0002:0000b0e4 00000020H .didat$3                DATA
 0002:0000b108 00000098H .didat$4                DATA
 0002:0000b1a0 00000448H .didat$6                DATA
 0002:0000b5e8 00000098H .didat$7                DATA
 0002:0000b680 0000004eH .edata                  DATA
 0002:0000b6d0 00000014H .idata$2                DATA
 0002:0000b6e4 00000014H .idata$3                DATA
 0002:0000b6f8 00000258H .idata$4                DATA
 0002:0000b950 0000056aH .idata$6                DATA
 0003:00000000 00001c28H .data                   DATA
 0003:00001c30 00000480H .data$r                 DATA
 0003:000020b0 00000098H .didat$5                DATA
 0003:00002160 000029e8H .bss                    DATA
 0004:00000000 000015f0H .pdata                  DATA
 0005:00000000 00000058H .rsrc$01                DATA
 0005:00000060 00000180H .rsrc$02                DATA

  Address         Publics by Value              Rva+Base               Lib:Object

 0000:00000000       ___safe_se_handler_table   0000000000000000     <absolute>
 0000:00000000       __guard_fids_count         0000000000000000     <absolute>
 0000:00000000       ___safe_se_handler_count   0000000000000000     <absolute>
 0000:00000000       __guard_fids_table         0000000000000000     <absolute>
 0000:00000000       __guard_flags              0000000000000000     <absolute>
 0000:00000000       __ImageBase                0000000180000000     <linker-defined>
 0001:00000120       ?what@exception@stdext@@UEBAPEBDXZ 0000000180001120 f i index.obj
 0001:00000140       ?imbue@?$basic_streambuf@DU?$char_traits@D@std@@@std@@MEAAXAEBVlocale@2@@Z 0000000180001140 f i libcpmt:cout.obj
 0001:00000140       ?_Lock@?$basic_streambuf@DU?$char_traits@D@std@@@std@@UEAAXXZ 0000000180001140 f i libcpmt:cout.obj
 0001:00000140       ?_Doraise@exception@stdext@@MEBAXXZ 0000000180001140 f i index.obj
 0001:00000140       ?_Unlock@?$basic_streambuf@DU?$char_traits@D@std@@@std@@UEAAXXZ 0000000180001140 f i libcpmt:cout.obj
 0001:00000150       ??_Efailure@ios_base@std@@UEAAPEAXI@Z 0000000180001150 f i * CIL library *:* CIL module *
 0001:00000150       ??_Gfailure@ios_base@std@@UEAAPEAXI@Z 0000000180001150 f i index.obj
 0001:00000150       ??_E_System_error@std@@UEAAPEAXI@Z 0000000180001150 f i * CIL library *:* CIL module *
 0001:00000150       ??_Eexception@stdext@@UEAAPEAXI@Z 0000000180001150 f i * CIL library *:* CIL module *
 0001:00000150       ??_G_System_error@std@@UEAAPEAXI@Z 0000000180001150 f i index.obj
 0001:00000150       ??_Gexception@stdext@@UEAAPEAXI@Z 0000000180001150 f i index.obj
 0001:00000150       ??_Eruntime_error@std@@UEAAPEAXI@Z 0000000180001150 f i * CIL library *:* CIL module *
 0001:00000150       ??_Gruntime_error@std@@UEAAPEAXI@Z 0000000180001150 f i index.obj
 0001:00000180       ?NODE_SET_METHOD@node@@YAXV?$Local@VObject@v8@@@v8@@PEBDP6AXAEBV?$FunctionCallbackInfo@VValue@v8@@@3@@Z@Z 0000000180001180 f i index.obj
 0001:00000250       ??0_Locinfo@std@@QEAA@PEBD@Z 0000000180001250 f i index.obj
 0001:00000310       ??1_Locinfo@std@@QEAA@XZ   0000000180001310 f i index.obj
 0001:000003b0       ??_E?$codecvt@DDH@std@@MEAAPEAXI@Z 00000001800013b0 f i libcpmt:cout.obj
 0001:000003b0       ??_G_Facet_base@std@@UEAAPEAXI@Z 00000001800013b0 f i index.obj
 0001:000003b0       ??_E_Facet_base@std@@UEAAPEAXI@Z 00000001800013b0 f i * CIL library *:* CIL module *
 0001:000003b0       ??_G?$codecvt@DDH@std@@MEAAPEAXI@Z 00000001800013b0 f i libcpmt:cout.obj
 0001:000003e0       ?_Incref@facet@locale@std@@UEAAXXZ 00000001800013e0 f i index.obj
 0001:000003f0       ?_Decref@facet@locale@std@@UEAAPEAV_Facet_base@3@XZ 00000001800013f0 f i index.obj
 0001:00000400       ??1locale@std@@QEAA@XZ     0000000180001400 f i index.obj
 0001:00000430       ?_Getcat@?$ctype@D@std@@SA_KPEAPEBVfacet@locale@2@PEBV42@@Z 0000000180001430 f i index.obj
 0001:00000510       ?do_tolower@?$ctype@D@std@@MEBADD@Z 0000000180001510 f i index.obj
 0001:00000520       ?do_tolower@?$ctype@D@std@@MEBAPEBDPEADPEBD@Z 0000000180001520 f i index.obj
 0001:00000590       ?do_toupper@?$ctype@D@std@@MEBADD@Z 0000000180001590 f i index.obj
 0001:000005a0       ?do_toupper@?$ctype@D@std@@MEBAPEBDPEADPEBD@Z 00000001800015a0 f i index.obj
 0001:00000610       ?do_narrow@?$ctype@D@std@@MEBADDD@Z 0000000180001610 f i index.obj
 0001:00000610       ?do_widen@?$ctype@D@std@@MEBADD@Z 0000000180001610 f i index.obj
 0001:00000620       ?do_widen@?$ctype@D@std@@MEBAPEBDPEBD0PEAD@Z 0000000180001620 f i index.obj
 0001:00000640       ?do_narrow@?$ctype@D@std@@MEBAPEBDPEBD0DPEAD@Z 0000000180001640 f i index.obj
 0001:00000660       ??_G?$ctype@D@std@@MEAAPEAXI@Z 0000000180001660 f i index.obj
 0001:00000660       ??_E?$ctype@D@std@@MEAAPEAXI@Z 0000000180001660 f i * CIL library *:* CIL module *
 0001:000006d0       ??0_System_error@std@@IEAA@Verror_code@1@AEBV?$basic_string@DU?$char_traits@D@std@@V?$allocator@D@2@@1@@Z 00000001800016d0 f i index.obj
 0001:00000840       ?clear@ios_base@std@@QEAAXH_N@Z 0000000180001840 f i index.obj
 0001:00000a80       ?getloc@ios_base@std@@QEBA?AVlocale@2@XZ 0000000180001a80 f i index.obj
 0001:00000ab0       ?rgbaToBmp32@rgbaToBmp@@YAPEAEPEAEHHAEAH@Z 0000000180001ab0 f   index.obj
 0001:00000bf0       ?GCFreeDataInMemory@rgbaToBmp@@YAXPEADPEAX@Z 0000000180001bf0 f   index.obj
 0001:00000c20       ?rgbaToBmp@0@YAXAEBV?$FunctionCallbackInfo@VValue@v8@@@v8@@@Z 0000000180001c20 f   index.obj
 0001:00000e20       ?init@rgbaToBmp@@YAXV?$Local@VObject@v8@@@v8@@@Z 0000000180001e20 f   index.obj
 0001:00000e40       ??1?$basic_string@DU?$char_traits@D@std@@V?$allocator@D@2@@std@@QEAA@XZ 0000000180001e40 f i index.obj
 0001:00000e80       ?append@?$basic_string@DU?$char_traits@D@std@@V?$allocator@D@2@@std@@QEAAAEAV12@AEBV12@_K1@Z 0000000180001e80 f i index.obj
 0001:00000fb0       ?append@?$basic_string@DU?$char_traits@D@std@@V?$allocator@D@2@@std@@QEAAAEAV12@PEBD_K@Z 0000000180001fb0 f i index.obj
 0001:00001100       ?assign@?$basic_string@DU?$char_traits@D@std@@V?$allocator@D@2@@std@@QEAAAEAV12@AEBV12@_K1@Z 0000000180002100 f i index.obj
 0001:00001230       ?assign@?$basic_string@DU?$char_traits@D@std@@V?$allocator@D@2@@std@@QEAAAEAV12@PEBD_K@Z 0000000180002230 f i index.obj
 0001:00001370       ?erase@?$basic_string@DU?$char_traits@D@std@@V?$allocator@D@2@@std@@QEAAAEAV12@_K0@Z 0000000180002370 f i index.obj
 0001:00001440       ?_Grow@?$basic_string@DU?$char_traits@D@std@@V?$allocator@D@2@@std@@QEAA_N_K_N@Z 0000000180002440 f i index.obj
 0001:00001510       ?flush@?$basic_ostream@DU?$char_traits@D@std@@@std@@QEAAAEAV12@XZ 0000000180002510 f i index.obj
 0001:00001600       ?_Copy@?$basic_string@DU?$char_traits@D@std@@V?$allocator@D@2@@std@@QEAAX_K0@Z 0000000180002600 f i index.obj
 0001:000016f0       ??0sentry@?$basic_ostream@DU?$char_traits@D@std@@@std@@QEAA@AEAV12@@Z 00000001800026f0 f i index.obj
 0001:00001760       ??$use_facet@V?$ctype@D@std@@@std@@YAAEBV?$ctype@D@0@AEBVlocale@0@@Z 0000000180002760 f i index.obj
 0001:00001870       ??$?6U?$char_traits@D@std@@@std@@YAAEAV?$basic_ostream@DU?$char_traits@D@std@@@0@AEAV10@PEBD@Z 0000000180002870 f i index.obj
 0001:00001ac0       ??$endl@DU?$char_traits@D@std@@@std@@YAAEAV?$basic_ostream@DU?$char_traits@D@std@@@0@AEAV10@@Z 0000000180002ac0 f i index.obj
 0001:00001b50       ?put@?$basic_ostream@DU?$char_traits@D@std@@@std@@QEAAAEAV12@D@Z 0000000180002b50 f i index.obj
 0001:00001cec       __imp_load_?Data@Buffer@node@@YAPEADV?$Local@VObject@v8@@@v8@@@Z 0000000180002cec f   node:node.exe
 0001:00001cf8       __tailMerge_node_exe       0000000180002cf8 f i node:node.exe
 0001:00001d71       __imp_load_?New@Buffer@node@@YA?AV?$MaybeLocal@VObject@v8@@@v8@@PEAVIsolate@4@PEAD_KP6AX1PEAX@Z3@Z 0000000180002d71 f   node:node.exe
 0001:00001d7d       __imp_load_node_module_register 0000000180002d7d f   node:node.exe
 0001:00001d89       __imp_load_?ToLocalEmpty@V8@v8@@CAXXZ 0000000180002d89 f   node:node.exe
 0001:00001d95       __imp_load_?Uint32Value@Value@v8@@QEBAIXZ 0000000180002d95 f   node:node.exe
 0001:00001da1       __imp_load_?IsNumber@Value@v8@@QEBA_NXZ 0000000180002da1 f   node:node.exe
 0001:00001dad       __imp_load_?IsObject@Value@v8@@QEBA_NXZ 0000000180002dad f   node:node.exe
 0001:00001db9       __imp_load_?GetFunction@FunctionTemplate@v8@@QEAA?AV?$Local@VFunction@v8@@@2@XZ 0000000180002db9 f   node:node.exe
 0001:00001dc5       __imp_load_?New@FunctionTemplate@v8@@SA?AV?$Local@VFunctionTemplate@v8@@@2@PEAVIsolate@2@P6AXAEBV?$FunctionCallbackInfo@VValue@v8@@@2@@ZV?$Local@VValue@v8@@@2@V?$Local@VSignature@v8@@@2@HW4ConstructorBehavior@2@@Z 0000000180002dc5 f   node:node.exe
 0001:00001dd1       __imp_load_?TypeError@Exception@v8@@SA?AV?$Local@VValue@v8@@@2@V?$Local@VString@v8@@@2@@Z 0000000180002dd1 f   node:node.exe
 0001:00001ddd       __imp_load_?NewFromUtf8@String@v8@@SA?AV?$Local@VString@v8@@@2@PEAVIsolate@2@PEBDW4NewStringType@12@H@Z 0000000180002ddd f   node:node.exe
 0001:00001de9       __imp_load_??1HandleScope@v8@@QEAA@XZ 0000000180002de9 f   node:node.exe
 0001:00001df5       __imp_load_??0HandleScope@v8@@QEAA@PEAVIsolate@1@@Z 0000000180002df5 f   node:node.exe
 0001:00001e01       __imp_load_?Set@Object@v8@@QEAA_NV?$Local@VValue@v8@@@2@0@Z 0000000180002e01 f   node:node.exe
 0001:00001e0d       __imp_load_?SetName@Function@v8@@QEAAXV?$Local@VString@v8@@@2@@Z 0000000180002e0d f   node:node.exe
 0001:00001e19       __imp_load_?ThrowException@Isolate@v8@@QEAA?AV?$Local@VValue@v8@@@2@V32@@Z 0000000180002e19 f   node:node.exe
 0001:00001e25       __imp_load_?GetCurrent@Isolate@v8@@SAPEAV12@XZ 0000000180002e25 f   node:node.exe
 0001:00001e31       __imp_load_?ToObject@Value@v8@@QEBA?AV?$Local@VObject@v8@@@2@XZ 0000000180002e31 f   node:node.exe
 0001:00001e40       ??4?$_Yarn@D@std@@QEAAAEAV01@PEBD@Z 0000000180002e40 f i libcpmt:locale0.obj
 0001:00001eb8       ??_E_Locimp@locale@std@@MEAAPEAXI@Z 0000000180002eb8 f i libcpmt:locale0.obj
 0001:00001eb8       ??_G_Locimp@locale@std@@MEAAPEAXI@Z 0000000180002eb8 f i libcpmt:locale0.obj
 0001:00001f10       ?_Facet_Register@std@@YAXPEAV_Facet_base@1@@Z 0000000180002f10 f   libcpmt:locale0.obj
 0001:00001f44       ?_Getgloballocale@locale@std@@CAPEAV_Locimp@12@XZ 0000000180002f44 f   libcpmt:locale0.obj
 0001:00001f4c       ?_Init@locale@std@@CAPEAV_Locimp@12@_N@Z 0000000180002f4c f   libcpmt:locale0.obj
 0001:00001fec       ?_Locimp_dtor@_Locimp@locale@std@@CAXPEAV123@@Z 0000000180002fec f   libcpmt:locale0.obj
 0001:00002064       ?_Locinfo_ctor@_Locinfo@std@@SAXPEAV12@PEBD@Z 0000000180003064 f   libcpmt:locale0.obj
 0001:000020d0       ?_Locinfo_dtor@_Locinfo@std@@SAXPEAV12@@Z 00000001800030d0 f   libcpmt:locale0.obj
 0001:000020f4       ?_New_Locimp@_Locimp@locale@std@@CAPEAV123@_N@Z 00000001800030f4 f   libcpmt:locale0.obj
 0001:00002160       ?_Setgloballocale@locale@std@@CAXPEAX@Z 0000000180003160 f   libcpmt:locale0.obj
 0001:00002194       _Deletegloballocale        0000000180003194 f   libcpmt:locale0.obj
 0001:000021f4       ??$use_facet@V?$codecvt@DDH@std@@@std@@YAAEBV?$codecvt@DDH@0@AEBVlocale@0@@Z 00000001800031f4 f i libcpmt:cout.obj
 0001:00002324       ??0?$basic_ostream@DU?$char_traits@D@std@@@std@@QEAA@PEAV?$basic_streambuf@DU?$char_traits@D@std@@@1@_N@Z 0000000180003324 f i libcpmt:cout.obj
 0001:000023a0       ??0?$basic_streambuf@DU?$char_traits@D@std@@@std@@IEAA@XZ 00000001800033a0 f i libcpmt:cout.obj
 0001:00002444       ??0_Init_cout@std@@QEAA@XZ 0000000180003444 f i libcpmt:cout.obj
 0001:000024b0       ??1?$basic_filebuf@DU?$char_traits@D@std@@@std@@UEAA@XZ 00000001800034b0 f i libcpmt:cout.obj
 0001:00002570       ??1?$basic_ios@DU?$char_traits@D@std@@@std@@UEAA@XZ 0000000180003570 f i libcpmt:cout.obj
 0001:00002580       ??_E?$basic_ostream@DU?$char_traits@D@std@@@std@@$4PPPPPPPM@A@EAAPEAXI@Z 0000000180003580 f i libcpmt:cout.obj
 0001:0000258c       ??_E?$basic_filebuf@DU?$char_traits@D@std@@@std@@UEAAPEAXI@Z 000000018000358c f i libcpmt:cout.obj
 0001:0000258c       ??_G?$basic_filebuf@DU?$char_traits@D@std@@@std@@UEAAPEAXI@Z 000000018000358c f i libcpmt:cout.obj
 0001:000025bc       ??_E?$basic_ostream@DU?$char_traits@D@std@@@std@@UEAAPEAXI@Z 00000001800035bc f i libcpmt:cout.obj
 0001:000025bc       ??_G?$basic_ostream@DU?$char_traits@D@std@@@std@@UEAAPEAXI@Z 00000001800035bc f i libcpmt:cout.obj
 0001:00002620       ??_E?$basic_streambuf@DU?$char_traits@D@std@@@std@@UEAAPEAXI@Z 0000000180003620 f i libcpmt:cout.obj
 0001:00002620       ??_G?$basic_streambuf@DU?$char_traits@D@std@@@std@@UEAAPEAXI@Z 0000000180003620 f i libcpmt:cout.obj
 0001:00002694       ??_Gios_base@std@@UEAAPEAXI@Z 0000000180003694 f i libcpmt:cout.obj
 0001:00002694       ??_G?$basic_ios@DU?$char_traits@D@std@@@std@@UEAAPEAXI@Z 0000000180003694 f i libcpmt:cout.obj
 0001:00002694       ??_Eios_base@std@@UEAAPEAXI@Z 0000000180003694 f i libcpmt:cout.obj
 0001:00002694       ??_E?$basic_ios@DU?$char_traits@D@std@@@std@@UEAAPEAXI@Z 0000000180003694 f i libcpmt:cout.obj
 0001:000026d0       ?_Endwrite@?$basic_filebuf@DU?$char_traits@D@std@@@std@@IEAA_NXZ 00000001800036d0 f i libcpmt:cout.obj
 0001:0000286c       ?_Getcat@?$codecvt@DDH@std@@SA_KPEAPEBVfacet@locale@2@PEBV42@@Z 000000018000386c f i libcpmt:cout.obj
 0001:00002930       ?_Init@?$basic_filebuf@DU?$char_traits@D@std@@@std@@IEAAXPEAU_iobuf@@W4_Initfl@12@@Z 0000000180003930 f i libcpmt:cout.obj
 0001:000029dc       ?_Init@ios_base@std@@IEAAXXZ 00000001800039dc f i libcpmt:cout.obj
 0001:00002a50       ?_Initcvt@?$basic_filebuf@DU?$char_traits@D@std@@@std@@IEAAXPEBV?$codecvt@DDH@2@@Z 0000000180003a50 f i libcpmt:cout.obj
 0001:00002ad8       ?_Lock@?$basic_filebuf@DU?$char_traits@D@std@@@std@@UEAAXXZ 0000000180003ad8 f i libcpmt:cout.obj
 0001:00002af4       ?_Unlock@?$basic_filebuf@DU?$char_traits@D@std@@@std@@UEAAXXZ 0000000180003af4 f i libcpmt:cout.obj
 0001:00002b10       ?append@?$basic_string@DU?$char_traits@D@std@@V?$allocator@D@2@@std@@QEAAAEAV12@_KD@Z 0000000180003b10 f i libcpmt:cout.obj
 0001:00002bd8       ?do_always_noconv@?$codecvt@DDH@std@@MEBA_NXZ 0000000180003bd8 f i libcpmt:cout.obj
 0001:00002bdc       ?do_out@?$codecvt@DDH@std@@MEBAHAEAHPEBD1AEAPEBDPEAD3AEAPEAD@Z 0000000180003bdc f i libcpmt:cout.obj
 0001:00002bdc       ?do_in@?$codecvt@DDH@std@@MEBAHAEAHPEBD1AEAPEBDPEAD3AEAPEAD@Z 0000000180003bdc f i libcpmt:cout.obj
 0001:00002bf8       ?do_length@?$codecvt@DDH@std@@MEBAHAEAHPEBD1_K@Z 0000000180003bf8 f i libcpmt:cout.obj
 0001:00002c0c       ?do_encoding@codecvt_base@std@@MEBAHXZ 0000000180003c0c f i libcpmt:cout.obj
 0001:00002c0c       DllMain                    0000000180003c0c f i LIBCMT:dllmain.obj
 0001:00002c0c       ?do_max_length@codecvt_base@std@@MEBAHXZ 0000000180003c0c f i libcpmt:cout.obj
 0001:00002c14       ?do_unshift@?$codecvt@DDH@std@@MEBAHAEAHPEAD1AEAPEAD@Z 0000000180003c14 f i libcpmt:cout.obj
 0001:00002c20       ?imbue@?$basic_filebuf@DU?$char_traits@D@std@@@std@@MEAAXAEBVlocale@2@@Z 0000000180003c20 f i libcpmt:cout.obj
 0001:00002c44       ?init@?$basic_ios@DU?$char_traits@D@std@@@std@@IEAAXPEAV?$basic_streambuf@DU?$char_traits@D@std@@@2@_N@Z 0000000180003c44 f i libcpmt:cout.obj
 0001:00002cf4       ?overflow@?$basic_filebuf@DU?$char_traits@D@std@@@std@@MEAAHH@Z 0000000180003cf4 f i libcpmt:cout.obj
 0001:00002f3c       ?pbackfail@?$basic_filebuf@DU?$char_traits@D@std@@@std@@MEAAHH@Z 0000000180003f3c f i libcpmt:cout.obj
 0001:0000300c       ?seekoff@?$basic_filebuf@DU?$char_traits@D@std@@@std@@MEAA?AV?$fpos@H@2@_JHH@Z 000000018000400c f i libcpmt:cout.obj
 0001:000030f8       ?seekpos@?$basic_filebuf@DU?$char_traits@D@std@@@std@@MEAA?AV?$fpos@H@2@V32@H@Z 00000001800040f8 f i libcpmt:cout.obj
 0001:000031fc       ?seekpos@?$basic_streambuf@DU?$char_traits@D@std@@@std@@MEAA?AV?$fpos@H@2@V32@H@Z 00000001800041fc f i libcpmt:cout.obj
 0001:000031fc       ?seekoff@?$basic_streambuf@DU?$char_traits@D@std@@@std@@MEAA?AV?$fpos@H@2@_JHH@Z 00000001800041fc f i libcpmt:cout.obj
 0001:00003214       ?setbuf@?$basic_filebuf@DU?$char_traits@D@std@@@std@@MEAAPEAV?$basic_streambuf@DU?$char_traits@D@std@@@2@PEAD_J@Z 0000000180004214 f i libcpmt:cout.obj
 0001:00003268       ?setbuf@?$basic_streambuf@DU?$char_traits@D@std@@@std@@MEAAPEAV12@PEAD_J@Z 0000000180004268 f i libcpmt:cout.obj
 0001:0000326c       ?sync@?$basic_filebuf@DU?$char_traits@D@std@@@std@@MEAAHXZ 000000018000426c f i libcpmt:cout.obj
 0001:000032b4       ?uflow@?$basic_filebuf@DU?$char_traits@D@std@@@std@@MEAAHXZ 00000001800042b4 f i libcpmt:cout.obj
 0001:00003500       ?uflow@?$basic_streambuf@DU?$char_traits@D@std@@@std@@MEAAHXZ 0000000180004500 f i libcpmt:cout.obj
 0001:00003538       ?underflow@?$basic_filebuf@DU?$char_traits@D@std@@@std@@MEAAHXZ 0000000180004538 f i libcpmt:cout.obj
 0001:00003590       ?overflow@?$basic_streambuf@DU?$char_traits@D@std@@@std@@MEAAHH@Z 0000000180004590 f i libcpmt:cout.obj
 0001:00003590       ?underflow@?$basic_streambuf@DU?$char_traits@D@std@@@std@@MEAAHXZ 0000000180004590 f i libcpmt:cout.obj
 0001:00003590       ?pbackfail@?$basic_streambuf@DU?$char_traits@D@std@@@std@@MEAAHH@Z 0000000180004590 f i libcpmt:cout.obj
 0001:00003594       ?xsgetn@?$basic_streambuf@DU?$char_traits@D@std@@@std@@MEAA_JPEAD_J@Z 0000000180004594 f i libcpmt:cout.obj
 0001:0000364c       ?xsputn@?$basic_streambuf@DU?$char_traits@D@std@@@std@@MEAA_JPEBD_J@Z 000000018000464c f i libcpmt:cout.obj
 0001:00003708       ??0bad_alloc@std@@QEAA@AEBV01@@Z 0000000180004708 f i libcpmt:xthrow.obj
 0001:0000372c       ??0length_error@std@@QEAA@AEBV01@@Z 000000018000472c f i libcpmt:xthrow.obj
 0001:00003750       ??0logic_error@std@@QEAA@AEBV01@@Z 0000000180004750 f i libcpmt:xthrow.obj
 0001:00003774       ??0out_of_range@std@@QEAA@AEBV01@@Z 0000000180004774 f i libcpmt:xthrow.obj
 0001:00003798       ??1bad_alloc@std@@UEAA@XZ  0000000180004798 f i libcpmt:xthrow.obj
 0001:000037a8       ??1length_error@std@@UEAA@XZ 00000001800047a8 f i libcpmt:xthrow.obj
 0001:000037a8       ??1out_of_range@std@@UEAA@XZ 00000001800047a8 f i libcpmt:xthrow.obj
 0001:000037b0       ??_Gbad_alloc@std@@UEAAPEAXI@Z 00000001800047b0 f i libcpmt:xthrow.obj
 0001:000037b0       ??_Ebad_alloc@std@@UEAAPEAXI@Z 00000001800047b0 f i libcpmt:xthrow.obj
 0001:000037ec       ??_Glength_error@std@@UEAAPEAXI@Z 00000001800047ec f i libcpmt:xthrow.obj
 0001:000037ec       ??_Gout_of_range@std@@UEAAPEAXI@Z 00000001800047ec f i libcpmt:xthrow.obj
 0001:000037ec       ??_Elength_error@std@@UEAAPEAXI@Z 00000001800047ec f i libcpmt:xthrow.obj
 0001:000037ec       ??_Glogic_error@std@@UEAAPEAXI@Z 00000001800047ec f i libcpmt:xthrow.obj
 0001:000037ec       ??_Elogic_error@std@@UEAAPEAXI@Z 00000001800047ec f i libcpmt:xthrow.obj
 0001:000037ec       ??_Eout_of_range@std@@UEAAPEAXI@Z 00000001800047ec f i libcpmt:xthrow.obj
 0001:0000381c       ?_Xbad_alloc@std@@YAXXZ    000000018000481c f   libcpmt:xthrow.obj
 0001:00003860       ?_Xlength_error@std@@YAXPEBD@Z 0000000180004860 f   libcpmt:xthrow.obj
 0001:00003898       ?_Xout_of_range@std@@YAXPEBD@Z 0000000180004898 f   libcpmt:xthrow.obj
 0001:000038d0       ??0_Init_locks@std@@QEAA@XZ 00000001800048d0 f   libcpmt:xlock.obj
 0001:0000391c       ??0_Lockit@std@@QEAA@H@Z   000000018000491c f   libcpmt:xlock.obj
 0001:0000395c       ??1_Init_locks@std@@QEAA@XZ 000000018000495c f   libcpmt:xlock.obj
 0001:00003998       ??1_Lockit@std@@QEAA@XZ    0000000180004998 f   libcpmt:xlock.obj
 0001:000039d0       ??_U@YAPEAX_K@Z            00000001800049d0 f   libcpmt:newaop.obj
 0001:000039d8       _Getctype                  00000001800049d8 f   libcpmt:_tolower.obj
 0001:00003a54       _Tolower                   0000000180004a54 f   libcpmt:_tolower.obj
 0001:00003b88       _Toupper                   0000000180004b88 f   libcpmt:_toupper.obj
 0001:00003ccc       ?_Atexit@@YAXP6AXXZ@Z      0000000180004ccc f   libcpmt:iosptrs.obj
 0001:00003d0c       ?_Addstd@ios_base@std@@SAXPEAV12@@Z 0000000180004d0c f   libcpmt:ios.obj
 0001:00003d7c       ?_Ios_base_dtor@ios_base@std@@CAXPEAV12@@Z 0000000180004d7c f   libcpmt:ios.obj
 0001:00003de0       ?_Tidy@ios_base@std@@AEAAXXZ 0000000180004de0 f i libcpmt:ios.obj
 0001:00003e50       _Mtxdst                    0000000180004e50 f   libcpmt:xmtx.obj
 0001:00003e58       _Mtxinit                   0000000180004e58 f   libcpmt:xmtx.obj
 0001:00003e68       _Mtxlock                   0000000180004e68 f   libcpmt:xmtx.obj
 0001:00003e70       _Mtxunlock                 0000000180004e70 f   libcpmt:xmtx.obj
 0001:00003e90       __security_check_cookie    0000000180004e90 f   LIBCMT:amdsecgs.obj
 0001:00003eb0       _set_abort_behavior        0000000180004eb0 f   LIBCMT:abort.obj
 0001:00003ecc       abort                      0000000180004ecc f   LIBCMT:abort.obj
 0001:00003f24       _call_reportfault          0000000180004f24 f   LIBCMT:invarg.obj
 0001:00004018       _initp_misc_invarg         0000000180005018 f   LIBCMT:invarg.obj
 0001:00004020       _invalid_parameter         0000000180005020 f   LIBCMT:invarg.obj
 0001:00004088       _invalid_parameter_noinfo  0000000180005088 f   LIBCMT:invarg.obj
 0001:000040a8       _invoke_watson             00000001800050a8 f   LIBCMT:invarg.obj
 0001:00004100       memmove                    0000000180005100 f   LIBCMT:memcpy.obj
 0001:00004100       memcpy                     0000000180005100 f   LIBCMT:memcpy.obj
 0001:00004668       free                       0000000180005668 f   LIBCMT:free.obj
 0001:000046a8       __onexitinit               00000001800056a8 f   LIBCMT:onexit.obj
 0001:000046ec       _onexit                    00000001800056ec f   LIBCMT:onexit.obj
 0001:000047f8       atexit                     00000001800057f8 f   LIBCMT:onexit.obj
 0001:00004810       ??_V@YAXPEAX@Z             0000000180005810 f   LIBCMT:delete2.obj
 0001:00004818       _purecall                  0000000180005818 f   LIBCMT:purevirt.obj
 0001:00004844       ??3@YAXPEAX@Z              0000000180005844 f   LIBCMT:delete.obj
 0001:0000484c       ??2@YAPEAX_K@Z             000000018000584c f   LIBCMT:new.obj
 0001:000048b8       ??0_LocaleUpdate@@QEAA@PEAUlocaleinfo_struct@@@Z 00000001800058b8 f i LIBCMT:stricmp.obj
 0001:00004960       __ascii_stricmp            0000000180005960 f   LIBCMT:stricmp.obj
 0001:0000499c       _stricmp                   000000018000599c f   LIBCMT:stricmp.obj
 0001:000049e4       _stricmp_l                 00000001800059e4 f   LIBCMT:stricmp.obj
 0001:00004a98       _CRT_INIT                  0000000180005a98 f   LIBCMT:dllcrt0.obj
 0001:00004bf8       _DllMainCRTStartup         0000000180005bf8 f   LIBCMT:dllcrt0.obj
 0001:00004d70       strlen                     0000000180005d70 f   LIBCMT:strlen.obj
 0001:00004e18       _CxxThrowException         0000000180005e18 f   LIBCMT:throw.obj
 0001:00004ee0       ?_GetEstablisherFrame@@YAPEA_KPEA_KPEAU_xDISPATCHER_CONTEXT@@PEBU_s_FuncInfo@@0@Z 0000000180005ee0 f   LIBCMT:trnsctrl.obj
 0001:00004fac       ?_GetRangeOfTrysToCheck@@YAPEBU_s_TryBlockMapEntry@@PEA_KPEBU_s_FuncInfo@@HHPEAI2PEAU_xDISPATCHER_CONTEXT@@@Z 0000000180005fac f   LIBCMT:trnsctrl.obj
 0001:000050d8       ?__FrameUnwindToEmptyState@@YAXPEA_KPEAU_xDISPATCHER_CONTEXT@@PEBU_s_FuncInfo@@@Z 00000001800060d8 f   LIBCMT:trnsctrl.obj
 0001:0000516c       ?__SehTransFilter@@YAHPEAU_EXCEPTION_POINTERS@@PEAUEHExceptionRecord@@PEA_KPEAU_CONTEXT@@PEAU_xDISPATCHER_CONTEXT@@PEBU_s_FuncInfo@@PEAH@Z 000000018000616c f   LIBCMT:trnsctrl.obj
 0001:00005210       _CallSETranslator          0000000180006210 f   LIBCMT:trnsctrl.obj
 0001:00005264       _CreateFrameInfo           0000000180006264 f   LIBCMT:trnsctrl.obj
 0001:000052a8       _FindAndUnlinkFrame        00000001800062a8 f   LIBCMT:trnsctrl.obj
 0001:00005308       _GetImageBase              0000000180006308 f   LIBCMT:trnsctrl.obj
 0001:00005320       _GetThrowImageBase         0000000180006320 f   LIBCMT:trnsctrl.obj
 0001:00005338       _IsExceptionObjectToBeDestroyed 0000000180006338 f   LIBCMT:trnsctrl.obj
 0001:0000536c       _SetImageBase              000000018000636c f   LIBCMT:trnsctrl.obj
 0001:00005388       _SetThrowImageBase         0000000180006388 f   LIBCMT:trnsctrl.obj
 0001:000053a4       _UnwindNestedFrames        00000001800063a4 f   LIBCMT:trnsctrl.obj
 0001:000054c8       __CxxFrameHandler3         00000001800064c8 f   LIBCMT:trnsctrl.obj
 0001:00005550       ??8type_info@@QEBA_NAEBV0@@Z 0000000180006550 f   LIBCMT:typinfo.obj
 0001:00005570       ??_Etype_info@@UEAAPEAXI@Z 0000000180006570 f i LIBCMT:typinfo.obj
 0001:00005570       ??_Gtype_info@@UEAAPEAXI@Z 0000000180006570 f i LIBCMT:typinfo.obj
 0001:000055ac       _fpmath                    00000001800065ac f   LIBCMT:fpinit.obj
 0001:000055b4       _cfltcvt_init              00000001800065b4 f   LIBCMT:fpinit.obj
 0001:0000563c       malloc                     000000018000663c f   LIBCMT:malloc.obj
 0001:000056f4       setlocale                  00000001800066f4 f   LIBCMT:setlocal.obj
 0001:00005964       __initstdio                0000000180006964 f   LIBCMT:_file.obj
 0001:000059fc       __endstdio                 00000001800069fc f   LIBCMT:_file.obj
 0001:00005a2c       __iob_func                 0000000180006a2c f   LIBCMT:_file.obj
 0001:00005a34       _lock_file                 0000000180006a34 f   LIBCMT:_file.obj
 0001:00005a9c       _lock_file2                0000000180006a9c f   LIBCMT:_file.obj
 0001:00005ad0       _unlock_file               0000000180006ad0 f   LIBCMT:_file.obj
 0001:00005b20       _unlock_file2              0000000180006b20 f   LIBCMT:_file.obj
 0001:00005b40       _fclose_nolock             0000000180006b40 f   LIBCMT:fclose.obj
 0001:00005bbc       fclose                     0000000180006bbc f   LIBCMT:fclose.obj
 0001:00005c24       _fflush_nolock             0000000180006c24 f   LIBCMT:fflush.obj
 0001:00005c70       _flush                     0000000180006c70 f   LIBCMT:fflush.obj
 0001:00005cec       _flushall                  0000000180006cec f   LIBCMT:fflush.obj
 0001:00005cf8       fflush                     0000000180006cf8 f   LIBCMT:fflush.obj
 0001:00005e24       fgetc                      0000000180006e24 f   LIBCMT:fgetc.obj
 0001:00005f24       fgetpos                    0000000180006f24 f   LIBCMT:fgetpos.obj
 0001:00005f70       fputc                      0000000180006f70 f   LIBCMT:fputc.obj
 0001:00006080       fsetpos                    0000000180007080 f   LIBCMT:fsetpos.obj
 0001:000060b8       _fseeki64                  00000001800070b8 f   LIBCMT:fseeki64.obj
 0001:0000612c       _fseeki64_nolock           000000018000712c f   LIBCMT:fseeki64.obj
 0001:000061e0       _fwrite_nolock             00000001800071e0 f   LIBCMT:fwrite.obj
 0001:00006370       fwrite                     0000000180007370 f   LIBCMT:fwrite.obj
 0001:00006400       setvbuf                    0000000180007400 f   LIBCMT:setvbuf.obj
 0001:00006518       _ungetc_nolock             0000000180007518 f   LIBCMT:ungetc.obj
 0001:00006620       ungetc                     0000000180007620 f   LIBCMT:ungetc.obj
 0001:00006680       memcpy_s                   0000000180007680 f   LIBCMT:memcpy_s.obj
 0001:00006720       memset                     0000000180007720 f   LIBCMT:memset.obj
 0001:0000694c       ??0bad_cast@std@@QEAA@AEBV01@@Z 000000018000794c f   LIBCMT:stdexcpt.obj
 0001:00006970       ??0bad_cast@std@@QEAA@PEBD@Z 0000000180007970 f   LIBCMT:stdexcpt.obj
 0001:0000699c       ??0exception@std@@QEAA@AEBQEBD@Z 000000018000799c f   LIBCMT:stdexcpt.obj
 0001:000069cc       ??0exception@std@@QEAA@AEBQEBDH@Z 00000001800079cc f   LIBCMT:stdexcpt.obj
 0001:000069e8       ??0exception@std@@QEAA@AEBV01@@Z 00000001800079e8 f   LIBCMT:stdexcpt.obj
 0001:00006a14       ??1bad_cast@std@@UEAA@XZ   0000000180007a14 f   LIBCMT:stdexcpt.obj
 0001:00006a14       ??1exception@std@@UEAA@XZ  0000000180007a14 f   LIBCMT:stdexcpt.obj
 0001:00006a24       ??4exception@std@@QEAAAEAV01@AEBV01@@Z 0000000180007a24 f   LIBCMT:stdexcpt.obj
 0001:00006a68       ??_Gexception@std@@UEAAPEAXI@Z 0000000180007a68 f i LIBCMT:stdexcpt.obj
 0001:00006a68       ??_Ebad_cast@std@@UEAAPEAXI@Z 0000000180007a68 f i LIBCMT:stdexcpt.obj
 0001:00006a68       ??_Eexception@std@@UEAAPEAXI@Z 0000000180007a68 f i LIBCMT:stdexcpt.obj
 0001:00006a68       ??_Gbad_cast@std@@UEAAPEAXI@Z 0000000180007a68 f i LIBCMT:stdexcpt.obj
 0001:00006aa4       ?_Copy_str@exception@std@@AEAAXPEBD@Z 0000000180007aa4 f   LIBCMT:stdexcpt.obj
 0001:00006b00       ?_Tidy@exception@std@@AEAAXXZ 0000000180007b00 f   LIBCMT:stdexcpt.obj
 0001:00006b28       ?what@exception@std@@UEBAPEBDXZ 0000000180007b28 f   LIBCMT:stdexcpt.obj
 0001:00006b3c       __GSHandlerCheck_EH        0000000180007b3c f   LIBCMT:gshandlereh.obj
 0001:00006bcc       _lock                      0000000180007bcc f   LIBCMT:mlock.obj
 0001:00006c10       _mtdeletelocks             0000000180007c10 f   LIBCMT:mlock.obj
 0001:00006c98       _mtinitlocknum             0000000180007c98 f   LIBCMT:mlock.obj
 0001:00006d58       _mtinitlocks               0000000180007d58 f   LIBCMT:mlock.obj
 0001:00006dbc       _unlock                    0000000180007dbc f   LIBCMT:mlock.obj
 0001:00006dd4       __pctype_func              0000000180007dd4 f   LIBCMT:ctype.obj
 0001:00006e10       isdigit                    0000000180007e10 f i LIBCMT:_ctype.obj
 0001:00006e8c       islower                    0000000180007e8c f i LIBCMT:_ctype.obj
 0001:00006f08       isupper                    0000000180007f08 f i LIBCMT:_ctype.obj
 0001:00006f84       _wcsdup                    0000000180007f84 f   LIBCMT:wcsdup.obj
 0001:00006ffc       ___lc_codepage_func        0000000180007ffc f   LIBCMT:initctyp.obj
 0001:00007034       ___lc_locale_name_func     0000000180008034 f   LIBCMT:initctyp.obj
 0001:00007070       __init_ctype               0000000180008070 f   LIBCMT:initctyp.obj
 0001:00007780       __crtLCMapStringA          0000000180008780 f   LIBCMT:a_map.obj
 0001:00007818       _calloc_crt                0000000180008818 f   LIBCMT:crtheap.obj
 0001:00007898       _malloc_crt                0000000180008898 f   LIBCMT:crtheap.obj
 0001:00007914       _realloc_crt               0000000180008914 f   LIBCMT:crtheap.obj
 0001:000079b0       strcmp                     00000001800089b0 f   LIBCMT:strcmp.obj
 0001:00007a18       __GSHandlerCheck           0000000180008a18 f   LIBCMT:gshandler.obj
 0001:00007a38       __GSHandlerCheckCommon     0000000180008a38 f   LIBCMT:gshandler.obj
 0001:00007a9c       __crtCaptureCurrentContext 0000000180008a9c f   LIBCMT:winapisupp.obj
 0001:00007b0c       __crtCapturePreviousContext 0000000180008b0c f   LIBCMT:winapisupp.obj
 0001:00007b80       __crtFlsAlloc              0000000180008b80 f   LIBCMT:winapisupp.obj
 0001:00007b9c       __crtFlsFree               0000000180008b9c f   LIBCMT:winapisupp.obj
 0001:00007bb8       __crtFlsGetValue           0000000180008bb8 f   LIBCMT:winapisupp.obj
 0001:00007bd4       __crtFlsSetValue           0000000180008bd4 f   LIBCMT:winapisupp.obj
 0001:00007bf0       __crtInitializeCriticalSectionEx 0000000180008bf0 f   LIBCMT:winapisupp.obj
 0001:00007c1c       __crtIsPackagedApp         0000000180008c1c f   LIBCMT:winapisupp.obj
 0001:00007c68       __crtLoadWinApiPointers    0000000180008c68 f   LIBCMT:winapisupp.obj
 0001:00008064       __crtSleep                 0000000180009064 f   LIBCMT:winapisupp.obj
 0001:0000806c       __crtTerminateProcess      000000018000906c f   LIBCMT:winapisupp.obj
 0001:0000808c       __crtUnhandledException    000000018000908c f   LIBCMT:winapisupp.obj
 0001:000080ac       __doserrno                 00000001800090ac f   LIBCMT:dosmap.obj
 0001:000080cc       _dosmaperr                 00000001800090cc f   LIBCMT:dosmap.obj
 0001:0000811c       _errno                     000000018000911c f   LIBCMT:dosmap.obj
 0001:0000813c       _get_errno_from_oserr      000000018000913c f   LIBCMT:dosmap.obj
 0001:00008208       _ismbblead                 0000000180009208 f   LIBCMT:ismbbyte.obj
 0001:0000821c       wcslen                     000000018000921c f   LIBCMT:wcslen.obj
 0001:00008238       _tolower_l                 0000000180009238 f   LIBCMT:tolower.obj
 0001:0000838c       tolower                    000000018000938c f   LIBCMT:tolower.obj
 0001:000083c0       memcmp                     00000001800093c0 f   LIBCMT:memcmp.obj
 0001:00008488       GetTableIndexFromLcid      0000000180009488 f   LIBCMT:winapinls.obj
 0001:000084cc       GetTableIndexFromLocaleName 00000001800094cc f   LIBCMT:winapinls.obj
 0001:00008558       __crtDownlevelLCIDToLocaleName 0000000180009558 f   LIBCMT:winapinls.obj
 0001:00008608       __crtDownlevelLocaleNameToLCID 0000000180009608 f   LIBCMT:winapinls.obj
 0001:00008648       __crtEnumSystemLocalesEx   0000000180009648 f   LIBCMT:winapinls.obj
 0001:0000868c       __crtGetLocaleInfoEx       000000018000968c f   LIBCMT:winapinls.obj
 0001:000086dc       __crtGetUserDefaultLocaleName 00000001800096dc f   LIBCMT:winapinls.obj
 0001:00008720       __crtIsValidLocaleName     0000000180009720 f   LIBCMT:winapinls.obj
 0001:00008754       __crtLCMapStringEx         0000000180009754 f   LIBCMT:winapinls.obj
 0001:000087e4       __wcsnicmp_ascii           00000001800097e4 f   LIBCMT:winapinls.obj
 0001:0000883c       __crtLCMapStringW          000000018000983c f   LIBCMT:w_map.obj
 0001:00008888       __raise_securityfailure    0000000180009888 f   LIBCMT:gs_report.obj
 0001:000088d4       __report_gsfailure         00000001800098d4 f   LIBCMT:gs_report.obj
 0001:000089a8       __report_rangecheckfailure 00000001800099a8 f   LIBCMT:gs_report.obj
 0001:000089bc       __report_securityfailure   00000001800099bc f   LIBCMT:gs_report.obj
 0001:00008a58       __crtCorExitProcess        0000000180009a58 f   LIBCMT:crt0dat.obj
 0001:00008a9c       __crtExitProcess           0000000180009a9c f   LIBCMT:crt0dat.obj
 0001:00008ab4       __freeCrtMemory            0000000180009ab4 f   LIBCMT:crt0dat.obj
 0001:00008bfc       _amsg_exit                 0000000180009bfc f   LIBCMT:crt0dat.obj
 0001:00008c24       _cexit                     0000000180009c24 f   LIBCMT:crt0dat.obj
 0001:00008c34       _cinit                     0000000180009c34 f   LIBCMT:crt0dat.obj
 0001:00008ccc       _exit                      0000000180009ccc f   LIBCMT:crt0dat.obj
 0001:00008cd8       _init_pointers             0000000180009cd8 f   LIBCMT:crt0dat.obj
 0001:00008d84       _initterm_e                0000000180009d84 f   LIBCMT:crt0dat.obj
 0001:00008dc0       _lockexit                  0000000180009dc0 f   LIBCMT:crt0dat.obj
 0001:00008dcc       _unlockexit                0000000180009dcc f   LIBCMT:crt0dat.obj
 0001:00008f70       __get_sigabrt              0000000180009f70 f   LIBCMT:winsig.obj
 0001:00008f80       _initp_misc_winsig         0000000180009f80 f   LIBCMT:winsig.obj
 0001:00008fa0       raise                      0000000180009fa0 f   LIBCMT:winsig.obj
 0001:000091d4       __crt_debugger_hook        000000018000a1d4 f   LIBCMT:dbghook.obj
 0001:000091dc       __isa_available_init       000000018000a1dc f   LIBCMT:cpu_disp.obj
 0001:00009380       _heap_init                 000000018000a380 f   LIBCMT:heapinit.obj
 0001:000093a0       _heap_term                 000000018000a3a0 f   LIBCMT:heapinit.obj
 0001:000093ac       _msize                     000000018000a3ac f   LIBCMT:msize.obj
 0001:000093e8       __C_specific_handler       000000018000a3e8 f   LIBCMT:chandler.obj
 0001:000095cc       __getlocaleinfo            000000018000a5cc f   LIBCMT:inithelp.obj
 0001:000097b4       _initp_misc_purevirt       000000018000a7b4 f   LIBCMT:inithelp.obj
 0001:000097bc       _callnewh                  000000018000a7bc f   LIBCMT:handler.obj
 0001:000097f0       _initp_heap_handler        000000018000a7f0 f   LIBCMT:handler.obj
 0001:000097f8       __addlocaleref             000000018000a7f8 f   LIBCMT:localref.obj
 0001:00009884       __freetlocinfo             000000018000a884 f   LIBCMT:localref.obj
 0001:00009a1c       __removelocaleref          000000018000aa1c f   LIBCMT:localref.obj
 0001:00009ac0       __updatetlocinfo           000000018000aac0 f   LIBCMT:localref.obj
 0001:00009b38       _updatetlocinfoEx_nolock   000000018000ab38 f   LIBCMT:localref.obj
 0001:00009b9c       __initmbctable             000000018000ab9c f   LIBCMT:mbctype.obj
 0001:00009eb8       __updatetmbcinfo           000000018000aeb8 f   LIBCMT:mbctype.obj
 0001:00009f74       _setmbcp                   000000018000af74 f   LIBCMT:mbctype.obj
 0001:0000a1b8       _setmbcp_nolock            000000018000b1b8 f   LIBCMT:mbctype.obj
 0001:0000a468       _freefls                   000000018000b468 f   LIBCMT:tidtable.obj
 0001:0000a59c       _freeptd                   000000018000b59c f   LIBCMT:tidtable.obj
 0001:0000a5d8       _getptd                    000000018000b5d8 f   LIBCMT:tidtable.obj
 0001:0000a5fc       _getptd_noexit             000000018000b5fc f   LIBCMT:tidtable.obj
 0001:0000a680       _initptd                   000000018000b680 f   LIBCMT:tidtable.obj
 0001:0000a744       _mtinit                    000000018000b744 f   LIBCMT:tidtable.obj
 0001:0000a7c4       _mtterm                    000000018000b7c4 f   LIBCMT:tidtable.obj
 0001:0000a7e8       _locterm                   000000018000b7e8 f   LIBCMT:wsetloca.obj
 0001:0000a830       __copy_locale_name         000000018000b830 f   LIBCMT:wsetloca.obj
 0001:0000a8b4       __lc_lctowcs               000000018000b8b4 f   LIBCMT:wsetloca.obj
 0001:0000a958       __lc_wcstolc               000000018000b958 f   LIBCMT:wsetloca.obj
 0001:0000abcc       _expandlocale              000000018000bbcc f   LIBCMT:wsetloca.obj
 0001:0000afa0       _wcscats                   000000018000bfa0 f   LIBCMT:wsetloca.obj
 0001:0000b008       _wsetlocale                000000018000c008 f   LIBCMT:wsetloca.obj
 0001:0000b8f4       _XcptFilter                000000018000c8f4 f   LIBCMT:winxfltr.obj
 0001:0000bac0       __CppXcptFilter            000000018000cac0 f   LIBCMT:winxfltr.obj
 0001:0000bad4       _ioinit                    000000018000cad4 f   LIBCMT:ioinit.obj
 0001:0000be04       _ioterm                    000000018000ce04 f   LIBCMT:ioinit.obj
 0001:0000be78       _setargv                   000000018000ce78 f   LIBCMT:stdargv.obj
 0001:0000c134       _setenvp                   000000018000d134 f   LIBCMT:stdenvp.obj
 0001:0000c268       __security_init_cookie     000000018000d268 f   LIBCMT:gs_support.obj
 0001:0000c314       __crtGetEnvironmentStringsA 000000018000d314 f   LIBCMT:a_env.obj
 0001:0000c408       _RTC_Initialize            000000018000d408 f   LIBCMT:initsect.obj
 0001:0000c440       _RTC_Terminate             000000018000d440 f   LIBCMT:initsect.obj
 0001:0000c478       __DestructExceptionObject  000000018000d478 f   LIBCMT:frame.obj
 0001:0000c4e8       ??0bad_exception@std@@QEAA@AEBV01@@Z 000000018000d4e8 f i LIBCMT:frame.obj
 0001:0000c50c       ??1bad_exception@std@@UEAA@XZ 000000018000d50c f i LIBCMT:frame.obj
 0001:0000c51c       ??_Ebad_exception@std@@UEAAPEAXI@Z 000000018000d51c f i LIBCMT:frame.obj
 0001:0000c51c       ??_Gbad_exception@std@@UEAAPEAXI@Z 000000018000d51c f i LIBCMT:frame.obj
 0001:0000ce10       __AdjustPointer            000000018000de10 f   LIBCMT:frame.obj
 0001:0000ce34       __BuildCatchObject         000000018000de34 f   LIBCMT:frame.obj
 0001:0000ceec       __BuildCatchObjectHelper   000000018000deec f   LIBCMT:frame.obj
 0001:0000d13c       __CxxCallCatchBlock        000000018000e13c f   LIBCMT:frame.obj
 0001:0000d340       __FrameUnwindFilter        000000018000e340 f   LIBCMT:frame.obj
 0001:0000d394       __FrameUnwindToState       000000018000e394 f   LIBCMT:frame.obj
 0001:0000d528       __InternalCxxFrameHandler  000000018000e528 f   LIBCMT:frame.obj
 0001:0000d74c       __TypeMatch                000000018000e74c f   LIBCMT:frame.obj
 0001:0000d87c       ?__GetCurrentState@@YAHPEA_KPEAU_xDISPATCHER_CONTEXT@@PEBU_s_FuncInfo@@@Z 000000018000e87c f   LIBCMT:ehstate.obj
 0001:0000d8a4       ?__GetUnwindTryBlock@@YAHPEA_KPEAU_xDISPATCHER_CONTEXT@@PEBU_s_FuncInfo@@@Z 000000018000e8a4 f   LIBCMT:ehstate.obj
 0001:0000d8d0       ?__SetState@@YAXPEA_KPEAU_xDISPATCHER_CONTEXT@@PEBU_s_FuncInfo@@H@Z 000000018000e8d0 f   LIBCMT:ehstate.obj
 0001:0000d8dc       ?__SetUnwindTryBlock@@YAXPEA_KPEAU_xDISPATCHER_CONTEXT@@PEBU_s_FuncInfo@@H@Z 000000018000e8dc f   LIBCMT:ehstate.obj
 0001:0000d918       ?__StateFromControlPc@@YAHPEBU_s_FuncInfo@@PEAU_xDISPATCHER_CONTEXT@@@Z 000000018000e918 f   LIBCMT:ehstate.obj
 0001:0000d920       ?__StateFromIp@@YAHPEBU_s_FuncInfo@@PEAU_xDISPATCHER_CONTEXT@@_J@Z 000000018000e920 f   LIBCMT:ehstate.obj
 0001:0000d9ac       ?_inconsistency@@YAXXZ     000000018000e9ac f   LIBCMT:hooks.obj
 0001:0000d9cc       ?terminate@@YAXXZ          000000018000e9cc f   LIBCMT:hooks.obj
 0001:0000d9ec       _initp_eh_hooks            000000018000e9ec f   LIBCMT:hooks.obj
 0001:0000da0c       ?_Type_info_dtor@type_info@@CAXPEAV1@@Z 000000018000ea0c f   LIBCMT:typname.obj
 0001:0000da78       _cfltcvt                   000000018000ea78 f   LIBCMT:cvt.obj
 0001:0000da9c       _cfltcvt_l                 000000018000ea9c f   LIBCMT:cvt.obj
 0001:0000db1c       _cftoa_l                   000000018000eb1c f   LIBCMT:cvt.obj
 0001:0000e0c8       _cftoe_l                   000000018000f0c8 f   LIBCMT:cvt.obj
 0001:0000e324       _cftof_l                   000000018000f324 f   LIBCMT:cvt.obj
 0001:0000e3f8       _cftog_l                   000000018000f3f8 f   LIBCMT:cvt.obj
 0001:0000e52c       _cropzeros                 000000018000f52c f   LIBCMT:cvt.obj
 0001:0000e534       _cropzeros_l               000000018000f534 f   LIBCMT:cvt.obj
 0001:0000e5cc       _fassign                   000000018000f5cc f   LIBCMT:cvt.obj
 0001:0000e5d4       _fassign_l                 000000018000f5d4 f   LIBCMT:cvt.obj
 0001:0000e614       _forcdecpt                 000000018000f614 f   LIBCMT:cvt.obj
 0001:0000e61c       _forcdecpt_l               000000018000f61c f   LIBCMT:cvt.obj
 0001:0000e69c       _positive                  000000018000f69c f   LIBCMT:cvt.obj
 0001:0000e6b0       _initp_misc_cfltcvt_tab    000000018000f6b0 f   LIBCMT:cmiscdat.obj
 0001:0000e6ec       _FF_MSGBANNER              000000018000f6ec f   LIBCMT:crt0msg.obj
 0001:0000e730       _GET_RTERRMSG              000000018000f730 f   LIBCMT:crt0msg.obj
 0001:0000e760       _NMSG_WRITE                000000018000f760 f   LIBCMT:crt0msg.obj
 0001:0000e9d0       _mbstowcs_l_helper         000000018000f9d0 f   LIBCMT:mbstowcs.obj
 0001:0000ebac       _mbstowcs_s_l              000000018000fbac f   LIBCMT:mbstowcs.obj
 0001:0000ecdc       mbstowcs_s                 000000018000fcdc f   LIBCMT:mbstowcs.obj
 0001:0000ecfc       _wcstombs_l_helper         000000018000fcfc f   LIBCMT:wcstombs.obj
 0001:0000f02c       _wcstombs_s_l              000000018001002c f   LIBCMT:wcstombs.obj
 0001:0000f118       _fcloseall                 0000000180010118 f   LIBCMT:closeall.obj
 0001:0000f1c0       _fileno                    00000001800101c0 f   LIBCMT:fileno.obj
 0001:0000f1e8       _close                     00000001800101e8 f   LIBCMT:close.obj
 0001:0000f2ac       _close_nolock              00000001800102ac f   LIBCMT:close.obj
 0001:0000f368       _freebuf                   0000000180010368 f   LIBCMT:_freebuf.obj
 0001:0000f3a0       _commit                    00000001800103a0 f   LIBCMT:commit.obj
 0001:0000f478       _write                     0000000180010478 f   LIBCMT:write.obj
 0001:0000f55c       _write_nolock              000000018001055c f   LIBCMT:write.obj
 0001:0000fd50       _filbuf                    0000000180010d50 f   LIBCMT:_filbuf.obj
 0001:0000fe94       _ftelli64                  0000000180010e94 f   LIBCMT:ftelli64.obj
 0001:0000fef0       _ftelli64_nolock           0000000180010ef0 f   LIBCMT:ftelli64.obj
 0001:00010204       _flsbuf                    0000000180011204 f   LIBCMT:_flsbuf.obj
 0001:00010390       _lseeki64                  0000000180011390 f   LIBCMT:lseeki64.obj
 0001:00010478       _lseeki64_nolock           0000000180011478 f   LIBCMT:lseeki64.obj
 0001:0001050c       _getbuf                    000000018001150c f   LIBCMT:_getbuf.obj
 0001:00010560       strcpy_s                   0000000180011560 f   LIBCMT:strcpy_s.obj
 0001:000105c4       _isctype_l                 00000001800115c4 f   LIBCMT:isctype.obj
 0001:000106a0       calloc                     00000001800116a0 f   LIBCMT:calloc.obj
 0001:000106e4       wcscpy_s                   00000001800116e4 f   LIBCMT:wcscpy_s.obj
 0001:000108c8       __crtGetStringTypeA        00000001800118c8 f   LIBCMT:a_str.obj
 0001:00010960       __chkstk                   0000000180011960 f   LIBCMT:chkstk.obj
 0001:00010960       _alloca_probe              0000000180011960 f   LIBCMT:chkstk.obj
 0001:000109b0       realloc                    00000001800119b0 f   LIBCMT:realloc.obj
 0001:00010a84       _calloc_impl               0000000180011a84 f   LIBCMT:calloc_impl.obj
 0001:00010b20       _wcsicmp                   0000000180011b20 f   LIBCMT:wcsicmp.obj
 0001:00010ba4       _wcsicmp_l                 0000000180011ba4 f   LIBCMT:wcsicmp.obj
 0001:00010c94       _isleadbyte_l              0000000180011c94 f i LIBCMT:_wctype.obj
 0001:00010cd8       isleadbyte                 0000000180011cd8 f i LIBCMT:_wctype.obj
 0001:00010d20       wcsnlen                    0000000180011d20 f   LIBCMT:wcslen_s.obj
 0001:00010d40       _FindPESection             0000000180011d40 f   LIBCMT:pesect.obj
 0001:00010d90       _IsNonwritableInCurrentImage 0000000180011d90 f   LIBCMT:pesect.obj
 0001:00010de0       _ValidateImageBase         0000000180011de0 f   LIBCMT:pesect.obj
 0001:00010e10       _initp_misc_rand_s         0000000180011e10 f   LIBCMT:rand_s.obj
 0001:00010e30       _local_unwind              0000000180011e30 f   LIBCMT:jmpuwind.obj
 0001:00010e60       _NLG_Notify                0000000180011e60 f   LIBCMT:jmpuwind.obj
 0001:00010e80       __NLG_Dispatch2            0000000180011e80 f   LIBCMT:jmpuwind.obj
 0001:00010e90       __NLG_Return2              0000000180011e90 f   LIBCMT:jmpuwind.obj
 0001:00010e94       strncpy_s                  0000000180011e94 f   LIBCMT:strncpy_s.obj
 0001:000110bc       __crtGetLocaleInfoA        00000001800120bc f   LIBCMT:a_loc.obj
 0001:00011140       _get_fpsr                  0000000180012140 f   LIBCMT:fpsr.obj
 0001:00011150       _set_fpsr                  0000000180012150 f   LIBCMT:fpsr.obj
 0001:0001115a       _fclrf                     000000018001215a f   LIBCMT:fpsr.obj
 0001:0001116e       _frnd                      000000018001216e f   LIBCMT:fpsr.obj
 0001:00011190       __free_lconv_mon           0000000180012190 f   LIBCMT:initmon.obj
 0001:0001129c       __init_monetary            000000018001229c f   LIBCMT:initmon.obj
 0001:0001179c       __free_lconv_num           000000018001279c f   LIBCMT:initnum.obj
 0001:00011808       __init_numeric             0000000180012808 f   LIBCMT:initnum.obj
 0001:00011ad0       __free_lc_time             0000000180012ad0 f   LIBCMT:inittime.obj
 0001:00011ecc       __init_time                0000000180012ecc f   LIBCMT:inittime.obj
 0001:00012ae8       __init_dummy               0000000180013ae8 f   LIBCMT:wsetloca.obj
 0001:00012ae8       ?sync@?$basic_streambuf@DU?$char_traits@D@std@@@std@@MEAAHXZ 0000000180013ae8 f   libcpmt:cout.obj
 0001:00012ae8       __init_collate             0000000180013ae8 f   LIBCMT:initcoll.obj
 0001:00012ae8       ?showmanyc@?$basic_streambuf@DU?$char_traits@D@std@@@std@@MEAA_JXZ 0000000180013ae8 f   libcpmt:cout.obj
 0001:00012aec       wcscat_s                   0000000180013aec f   LIBCMT:wcscat_s.obj
 0001:00012b74       wcscmp                     0000000180013b74 f   LIBCMT:wcscmp.obj
 0001:00012bb0       wcscspn                    0000000180013bb0 f   LIBCMT:wcscspn.obj
 0001:00012bf0       wcsncmp                    0000000180013bf0 f   LIBCMT:wcsncmp.obj
 0001:00012c1c       wcsncpy_s                  0000000180013c1c f   LIBCMT:wcsncpy_s.obj
 0001:00012ce8       wcspbrk                    0000000180013ce8 f   LIBCMT:wcspbrk.obj
 0001:000133e0       __get_qualified_locale     00000001800143e0 f   LIBCMT:getqloc.obj
 0001:00013e10       __get_qualified_locale_downlevel 0000000180014e10 f   LIBCMT:getqloc_downlevel.obj
 0001:000140a8       ?_ValidateWrite@@YAHPEAXI@Z 00000001800150a8 f   LIBCMT:validate.obj
 0001:000140a8       ?_ValidateRead@@YAHPEBXI@Z 00000001800150a8 f   LIBCMT:validate.obj
 0001:000140a8       ?_ValidateExecute@@YAHP6A_JXZ@Z 00000001800150a8 f   LIBCMT:validate.obj
 0001:000140d0       _CallSettingFrame          00000001800150d0 f   LIBCMT:handlers.obj
 0001:00014110       _GetNextInstrOffset        0000000180015110 f   LIBCMT:handlers.obj
 0001:00014118       strrchr                    0000000180015118 f   LIBCMT:strrchr.obj
 0001:0001425c       _fptostr                   000000018001525c f   LIBCMT:_fptostr.obj
 0001:00014328       __crt_atoflt_l             0000000180015328 f   LIBCMT:atodbl.obj
 0001:000143f8       _atodbl_l                  00000001800153f8 f   LIBCMT:atodbl.obj
 0001:000144c0       _atoflt_l                  00000001800154c0 f   LIBCMT:atodbl.obj
 0001:000144c8       __dtold                    00000001800154c8 f   LIBCMT:cfout.obj
 0001:00014598       _fltout2                   0000000180015598 f   LIBCMT:cfout.obj
 0001:00014650       _fptrap                    0000000180015650 f   LIBCMT:crt0fp.obj
 0001:0001465c       _set_error_mode            000000018001565c f   LIBCMT:errmode.obj
 0001:0001469c       __crtMessageBoxW           000000018001569c f   LIBCMT:crtmboxw.obj
 0001:00014910       __lock_fhandle             0000000180015910 f   LIBCMT:osfinfo.obj
 0001:000149a8       _free_osfhnd               00000001800159a8 f   LIBCMT:osfinfo.obj
 0001:00014a54       _get_osfhandle             0000000180015a54 f   LIBCMT:osfinfo.obj
 0001:00014ac8       _unlock_fhandle            0000000180015ac8 f   LIBCMT:osfinfo.obj
 0001:00014af4       _isatty                    0000000180015af4 f   LIBCMT:isatty.obj
 0001:00014b54       _mbtowc_l                  0000000180015b54 f   LIBCMT:mbtowc.obj
 0001:00014ca8       mbtowc                     0000000180015ca8 f   LIBCMT:mbtowc.obj
 0001:00014cb0       _putwch_nolock             0000000180015cb0 f   LIBCMT:putwch.obj
 0001:00014d0c       _read                      0000000180015d0c f   LIBCMT:read.obj
 0001:00014e28       _read_nolock               0000000180015e28 f   LIBCMT:read.obj
 0001:00015698       _towlower_l                0000000180016698 f   LIBCMT:towlower.obj
 0001:00015764       iswctype                   0000000180016764 f   LIBCMT:iswctype.obj
 0001:000157cc       _itow_s                    00000001800167cc f   LIBCMT:xtows.obj
 0001:00015904       _wtol                      0000000180016904 f   LIBCMT:wtox.obj
 0001:00015910       wcschr                     0000000180016910 f   LIBCMT:wcschr.obj
 0001:0001599c       _wcsnicmp                  000000018001699c f   LIBCMT:wcsnicmp.obj
 0001:00015a34       _wcsnicmp_l                0000000180016a34 f   LIBCMT:wcsnicmp.obj
 0001:00015b4c       _ld12tod                   0000000180016b4c f   LIBCMT:intrncvt.obj
 0001:00016104       _ld12tof                   0000000180017104 f   LIBCMT:intrncvt.obj
 0001:000166bc       __strgtold12_l             00000001800176bc f   LIBCMT:strgtold.obj
 0001:00016f20       $I10_OUTPUT                0000000180017f20 f   LIBCMT:x10fout.obj
 0001:000179f8       __termconout               00000001800189f8 f   LIBCMT:initcon.obj
 0001:00017a18       __initconout               0000000180018a18 f   LIBCMT:initcon.obj
 0001:00017c3c       wcstol                     0000000180018c3c f   LIBCMT:wcstol.obj
 0001:00017c44       __mtold12                  0000000180018c44 f   LIBCMT:mantold.obj
 0001:00017e68       _wchartodigit              0000000180018e68 f   LIBCMT:wchtodig.obj
 0001:00018000       IsProcessorFeaturePresent  0000000180019000 f   kernel32:KERNEL32.dll
 0001:00018006       RtlUnwindEx                0000000180019006 f   kernel32:KERNEL32.dll
 0001:0001800c       __delayLoadHelper2         000000018001900c f   DelayImp:delayhlp.obj
 0002:00000000       __imp_GetModuleHandleA     000000018001a000     kernel32:KERNEL32.dll
 0002:00000008       __imp_EncodePointer        000000018001a008     kernel32:KERNEL32.dll
 0002:00000010       __imp_DecodePointer        000000018001a010     kernel32:KERNEL32.dll
 0002:00000018       __imp_EnterCriticalSection 000000018001a018     kernel32:KERNEL32.dll
 0002:00000020       __imp_LeaveCriticalSection 000000018001a020     kernel32:KERNEL32.dll
 0002:00000028       __imp_DeleteCriticalSection 000000018001a028     kernel32:KERNEL32.dll
 0002:00000030       __imp_WideCharToMultiByte  000000018001a030     kernel32:KERNEL32.dll
 0002:00000038       __imp_MultiByteToWideChar  000000018001a038     kernel32:KERNEL32.dll
 0002:00000040       __imp_GetStringTypeW       000000018001a040     kernel32:KERNEL32.dll
 0002:00000048       __imp_IsProcessorFeaturePresent 000000018001a048     kernel32:KERNEL32.dll
 0002:00000050       __imp_IsDebuggerPresent    000000018001a050     kernel32:KERNEL32.dll
 0002:00000058       __imp_GetLastError         000000018001a058     kernel32:KERNEL32.dll
 0002:00000060       __imp_HeapFree             000000018001a060     kernel32:KERNEL32.dll
 0002:00000068       __imp_GetCommandLineA      000000018001a068     kernel32:KERNEL32.dll
 0002:00000070       __imp_GetCurrentThreadId   000000018001a070     kernel32:KERNEL32.dll
 0002:00000078       __imp_RtlPcToFileHeader    000000018001a078     kernel32:KERNEL32.dll
 0002:00000080       __imp_RaiseException       000000018001a080     kernel32:KERNEL32.dll
 0002:00000088       __imp_RtlLookupFunctionEntry 000000018001a088     kernel32:KERNEL32.dll
 0002:00000090       __imp_RtlUnwindEx          000000018001a090     kernel32:KERNEL32.dll
 0002:00000098       __imp_HeapAlloc            000000018001a098     kernel32:KERNEL32.dll
 0002:000000a0       __imp_GetCPInfo            000000018001a0a0     kernel32:KERNEL32.dll
 0002:000000a8       __imp_RtlCaptureContext    000000018001a0a8     kernel32:KERNEL32.dll
 0002:000000b0       __imp_RtlVirtualUnwind     000000018001a0b0     kernel32:KERNEL32.dll
 0002:000000b8       __imp_UnhandledExceptionFilter 000000018001a0b8     kernel32:KERNEL32.dll
 0002:000000c0       __imp_SetUnhandledExceptionFilter 000000018001a0c0     kernel32:KERNEL32.dll
 0002:000000c8       __imp_SetLastError         000000018001a0c8     kernel32:KERNEL32.dll
 0002:000000d0       __imp_InitializeCriticalSectionAndSpinCount 000000018001a0d0     kernel32:KERNEL32.dll
 0002:000000d8       __imp_Sleep                000000018001a0d8     kernel32:KERNEL32.dll
 0002:000000e0       __imp_GetCurrentProcess    000000018001a0e0     kernel32:KERNEL32.dll
 0002:000000e8       __imp_TerminateProcess     000000018001a0e8     kernel32:KERNEL32.dll
 0002:000000f0       __imp_TlsAlloc             000000018001a0f0     kernel32:KERNEL32.dll
 0002:000000f8       __imp_TlsGetValue          000000018001a0f8     kernel32:KERNEL32.dll
 0002:00000100       __imp_TlsSetValue          000000018001a100     kernel32:KERNEL32.dll
 0002:00000108       __imp_TlsFree              000000018001a108     kernel32:KERNEL32.dll
 0002:00000110       __imp_GetStartupInfoW      000000018001a110     kernel32:KERNEL32.dll
 0002:00000118       __imp_GetModuleHandleW     000000018001a118     kernel32:KERNEL32.dll
 0002:00000120       __imp_GetProcAddress       000000018001a120     kernel32:KERNEL32.dll
 0002:00000128       __imp_LCMapStringW         000000018001a128     kernel32:KERNEL32.dll
 0002:00000130       __imp_GetLocaleInfoW       000000018001a130     kernel32:KERNEL32.dll
 0002:00000138       __imp_IsValidLocale        000000018001a138     kernel32:KERNEL32.dll
 0002:00000140       __imp_GetUserDefaultLCID   000000018001a140     kernel32:KERNEL32.dll
 0002:00000148       __imp_EnumSystemLocalesW   000000018001a148     kernel32:KERNEL32.dll
 0002:00000150       __imp_ExitProcess          000000018001a150     kernel32:KERNEL32.dll
 0002:00000158       __imp_GetModuleHandleExW   000000018001a158     kernel32:KERNEL32.dll
 0002:00000160       __imp_GetProcessHeap       000000018001a160     kernel32:KERNEL32.dll
 0002:00000168       __imp_HeapSize             000000018001a168     kernel32:KERNEL32.dll
 0002:00000170       __imp_IsValidCodePage      000000018001a170     kernel32:KERNEL32.dll
 0002:00000178       __imp_GetACP               000000018001a178     kernel32:KERNEL32.dll
 0002:00000180       __imp_GetOEMCP             000000018001a180     kernel32:KERNEL32.dll
 0002:00000188       __imp_GetStdHandle         000000018001a188     kernel32:KERNEL32.dll
 0002:00000190       __imp_GetFileType          000000018001a190     kernel32:KERNEL32.dll
 0002:00000198       __imp_GetModuleFileNameA   000000018001a198     kernel32:KERNEL32.dll
 0002:000001a0       __imp_QueryPerformanceCounter 000000018001a1a0     kernel32:KERNEL32.dll
 0002:000001a8       __imp_GetCurrentProcessId  000000018001a1a8     kernel32:KERNEL32.dll
 0002:000001b0       __imp_GetSystemTimeAsFileTime 000000018001a1b0     kernel32:KERNEL32.dll
 0002:000001b8       __imp_GetEnvironmentStringsW 000000018001a1b8     kernel32:KERNEL32.dll
 0002:000001c0       __imp_FreeEnvironmentStringsW 000000018001a1c0     kernel32:KERNEL32.dll
 0002:000001c8       __imp_WriteFile            000000018001a1c8     kernel32:KERNEL32.dll
 0002:000001d0       __imp_GetModuleFileNameW   000000018001a1d0     kernel32:KERNEL32.dll
 0002:000001d8       __imp_CloseHandle          000000018001a1d8     kernel32:KERNEL32.dll
 0002:000001e0       __imp_FlushFileBuffers     000000018001a1e0     kernel32:KERNEL32.dll
 0002:000001e8       __imp_GetConsoleCP         000000018001a1e8     kernel32:KERNEL32.dll
 0002:000001f0       __imp_GetConsoleMode       000000018001a1f0     kernel32:KERNEL32.dll
 0002:000001f8       __imp_ReadFile             000000018001a1f8     kernel32:KERNEL32.dll
 0002:00000200       __imp_SetFilePointerEx     000000018001a200     kernel32:KERNEL32.dll
 0002:00000208       __imp_HeapReAlloc          000000018001a208     kernel32:KERNEL32.dll
 0002:00000210       __imp_FreeLibrary          000000018001a210     kernel32:KERNEL32.dll
 0002:00000218       __imp_LoadLibraryExW       000000018001a218     kernel32:KERNEL32.dll
 0002:00000220       __imp_OutputDebugStringW   000000018001a220     kernel32:KERNEL32.dll
 0002:00000228       __imp_SetStdHandle         000000018001a228     kernel32:KERNEL32.dll
 0002:00000230       __imp_WriteConsoleW        000000018001a230     kernel32:KERNEL32.dll
 0002:00000238       __imp_ReadConsoleW         000000018001a238     kernel32:KERNEL32.dll
 0002:00000240       __imp_CreateFileW          000000018001a240     kernel32:KERNEL32.dll
 0002:00000248       __imp_LoadLibraryExA       000000018001a248     kernel32:KERNEL32.dll
 0002:00000250       \177KERNEL32_NULL_THUNK_DATA 000000018001a250     kernel32:KERNEL32.dll
 0002:00000258       __xc_a                     000000018001a258     LIBCMT:crt0init.obj
 0002:000002b8       _register_index_           000000018001a2b8     index.obj
 0002:000002c0       __xc_z                     000000018001a2c0     LIBCMT:crt0init.obj
 0002:000002c8       __xi_a                     000000018001a2c8     LIBCMT:crt0init.obj
 0002:000002f0       __xi_z                     000000018001a2f0     LIBCMT:crt0init.obj
 0002:000002f8       __xp_a                     000000018001a2f8     LIBCMT:crt0init.obj
 0002:00000318       __xp_z                     000000018001a318     LIBCMT:crt0init.obj
 0002:00000320       __xt_a                     000000018001a320     LIBCMT:crt0init.obj
 0002:00000328       __xt_z                     000000018001a328     LIBCMT:crt0init.obj
 0002:00000370       __sz_node_exe              000000018001a370     node:node.exe
 0002:00000d20       ??_C@_0BC@CIJDGCDI@permission?5denied?$AA@ 000000018001ad20     libcpmt:syserror.obj
 0002:00000d38       ??_C@_0M@MIDIAGJP@file?5exists?$AA@ 000000018001ad38     libcpmt:syserror.obj
 0002:00000d48       ??_C@_0P@FDINDDOK@no?5such?5device?$AA@ 000000018001ad48     libcpmt:syserror.obj
 0002:00000d58       ??_C@_0BC@EJHOMAAK@filename?5too?5long?$AA@ 000000018001ad58     libcpmt:syserror.obj
 0002:00000d70       ??_C@_0BI@NGCEHDD@device?5or?5resource?5busy?$AA@ 000000018001ad70     libcpmt:syserror.obj
 0002:00000d88       ??_C@_08GLNPIFBN@io?5error?$AA@ 000000018001ad88     libcpmt:syserror.obj
 0002:00000d98       ??_C@_0BE@JIDOCPHM@directory?5not?5empty?$AA@ 000000018001ad98     libcpmt:syserror.obj
 0002:00000db0       ??_C@_0BB@FCMFBGOM@invalid?5argument?$AA@ 000000018001adb0     libcpmt:syserror.obj
 0002:00000dc8       ??_C@_0BD@IJDJKDEA@no?5space?5on?5device?$AA@ 000000018001adc8     libcpmt:syserror.obj
 0002:00000de0       ??_C@_0BK@NDOCBPGE@no?5such?5file?5or?5directory?$AA@ 000000018001ade0     libcpmt:syserror.obj
 0002:00000e00       ??_C@_0BH@KEFGLDAF@function?5not?5supported?$AA@ 000000018001ae00     libcpmt:syserror.obj
 0002:00000e18       ??_C@_0BC@NJECKMKE@no?5lock?5available?$AA@ 000000018001ae18     libcpmt:syserror.obj
 0002:00000e30       ??_C@_0BC@ENOOLCNF@not?5enough?5memory?$AA@ 000000018001ae30     libcpmt:syserror.obj
 0002:00000e48       ??_C@_0BP@LKNGHENJ@resource?5unavailable?5try?5again?$AA@ 000000018001ae48     libcpmt:syserror.obj
 0002:00000e68       ??_C@_0BC@PPHBOELF@cross?5device?5link?$AA@ 000000018001ae68     libcpmt:syserror.obj
 0002:00000e80       ??_C@_0BD@MOLBPMEA@operation?5canceled?$AA@ 000000018001ae80     libcpmt:syserror.obj
 0002:00000e98       ??_C@_0BE@GHAFMPAH@too?5many?5files?5open?$AA@ 000000018001ae98     libcpmt:syserror.obj
 0002:00000eb0       ??_C@_0BC@FNODOBAE@permission_denied?$AA@ 000000018001aeb0     libcpmt:syserror.obj
 0002:00000ec8       ??_C@_0P@LNDJPBFK@address_in_use?$AA@ 000000018001aec8     libcpmt:syserror.obj
 0002:00000ed8       ??_C@_0BG@IPMGOJF@address_not_available?$AA@ 000000018001aed8     libcpmt:syserror.obj
 0002:00000ef0       ??_C@_0BN@LCBDHODA@address_family_not_supported?$AA@ 000000018001aef0     libcpmt:syserror.obj
 0002:00000f10       ??_C@_0BP@FOJJHMCC@connection_already_in_progress?$AA@ 000000018001af10     libcpmt:syserror.obj
 0002:00000f30       ??_C@_0BE@DLHHIBGN@bad_file_descriptor?$AA@ 000000018001af30     libcpmt:syserror.obj
 0002:00000f48       ??_C@_0BD@OJMJDIGI@connection_aborted?$AA@ 000000018001af48     libcpmt:syserror.obj
 0002:00000f60       ??_C@_0BD@NGKCIFEP@connection_refused?$AA@ 000000018001af60     libcpmt:syserror.obj
 0002:00000f78       ??_C@_0BB@JOANDNCK@connection_reset?$AA@ 000000018001af78     libcpmt:syserror.obj
 0002:00000f90       ??_C@_0BN@JLJNLKLK@destination_address_required?$AA@ 000000018001af90     libcpmt:syserror.obj
 0002:00000fb0       ??_C@_0M@IJGMGFGP@bad_address?$AA@ 000000018001afb0     libcpmt:syserror.obj
 0002:00000fc0       ??_C@_0BB@KKNHPPIN@host_unreachable?$AA@ 000000018001afc0     libcpmt:syserror.obj
 0002:00000fd8       ??_C@_0BG@DJGBJIIK@operation_in_progress?$AA@ 000000018001afd8     libcpmt:syserror.obj
 0002:00000ff0       ??_C@_0M@EGEKIIMP@interrupted?$AA@ 000000018001aff0     libcpmt:syserror.obj
 0002:00001000       ??_C@_0BB@FFIHMIPJ@invalid_argument?$AA@ 000000018001b000     libcpmt:syserror.obj
 0002:00001018       ??_C@_0BC@FIFLCHLO@already_connected?$AA@ 000000018001b018     libcpmt:syserror.obj
 0002:00001030       ??_C@_0BE@GJJJJDDA@too_many_files_open?$AA@ 000000018001b030     libcpmt:syserror.obj
 0002:00001048       ??_C@_0N@HPMLKHPL@message_size?$AA@ 000000018001b048     libcpmt:syserror.obj
 0002:00001058       ??_C@_0BC@LEEIKBAL@filename_too_long?$AA@ 000000018001b058     libcpmt:syserror.obj
 0002:00001070       ??_C@_0N@FCPALPJK@network_down?$AA@ 000000018001b070     libcpmt:syserror.obj
 0002:00001080       ??_C@_0O@EHNDLHIG@network_reset?$AA@ 000000018001b080     libcpmt:syserror.obj
 0002:00001090       ??_C@_0BE@JFNJIDNF@network_unreachable?$AA@ 000000018001b090     libcpmt:syserror.obj
 0002:000010a8       ??_C@_0BA@FDIJKJCL@no_buffer_space?$AA@ 000000018001b0a8     libcpmt:syserror.obj
 0002:000010b8       ??_C@_0BD@JHIHCGKP@no_protocol_option?$AA@ 000000018001b0b8     libcpmt:syserror.obj
 0002:000010d0       ??_C@_0O@GBCLHHD@not_connected?$AA@ 000000018001b0d0     libcpmt:syserror.obj
 0002:000010e0       ??_C@_0N@IMHKKLEM@not_a_socket?$AA@ 000000018001b0e0     libcpmt:syserror.obj
 0002:000010f0       ??_C@_0BI@ICEIDKLJ@operation_not_supported?$AA@ 000000018001b0f0     libcpmt:syserror.obj
 0002:00001108       ??_C@_0BH@KAPBAIJF@protocol_not_supported?$AA@ 000000018001b108     libcpmt:syserror.obj
 0002:00001120       ??_C@_0BE@GAOJJFPC@wrong_protocol_type?$AA@ 000000018001b120     libcpmt:syserror.obj
 0002:00001138       ??_C@_09NCHNLHPG@timed_out?$AA@ 000000018001b138     libcpmt:syserror.obj
 0002:00001148       ??_C@_0BG@GDGHKFDH@operation_would_block?$AA@ 000000018001b148     libcpmt:syserror.obj
 0002:00001160       ??_C@_0BN@LKKBCCDB@address?5family?5not?5supported?$AA@ 000000018001b160     libcpmt:syserror.obj
 0002:00001180       ??_C@_0P@LDMLAFHI@address?5in?5use?$AA@ 000000018001b180     libcpmt:syserror.obj
 0002:00001190       ??_C@_0BG@DHPCNBJB@address?5not?5available?$AA@ 000000018001b190     libcpmt:syserror.obj
 0002:000011a8       ??_C@_0BC@DFIBIBIL@already?5connected?$AA@ 000000018001b1a8     libcpmt:syserror.obj
 0002:000011c0       ??_C@_0BH@CAKOHOMI@argument?5list?5too?5long?$AA@ 000000018001b1c0     libcpmt:syserror.obj
 0002:000011d8       ??_C@_0BH@CGIMPKIM@argument?5out?5of?5domain?$AA@ 000000018001b1d8     libcpmt:syserror.obj
 0002:000011f0       ??_C@_0M@KGHGGJGL@bad?5address?$AA@ 000000018001b1f0     libcpmt:syserror.obj
 0002:00001200       ??_C@_0BE@MPJPGCEO@bad?5file?5descriptor?$AA@ 000000018001b200     libcpmt:syserror.obj
 0002:00001218       ??_C@_0M@PMMIEFCP@bad?5message?$AA@ 000000018001b218     libcpmt:syserror.obj
 0002:00001228       ??_C@_0M@KPHOFDBE@broken?5pipe?$AA@ 000000018001b228     libcpmt:syserror.obj
 0002:00001238       ??_C@_0BD@MGNDDEGM@connection?5aborted?$AA@ 000000018001b238     libcpmt:syserror.obj
 0002:00001250       ??_C@_0BP@KAIHPOGN@connection?5already?5in?5progress?$AA@ 000000018001b250     libcpmt:syserror.obj
 0002:00001270       ??_C@_0BD@PJLIIJEL@connection?5refused?$AA@ 000000018001b270     libcpmt:syserror.obj
 0002:00001288       ??_C@_0BB@IECNJNOI@connection?5reset?$AA@ 000000018001b288     libcpmt:syserror.obj
 0002:000012a0       ??_C@_0BN@KDMIFEIP@destination?5address?5required?$AA@ 000000018001b2a0     libcpmt:syserror.obj
 0002:000012c0       ??_C@_0BI@BNCLIGPB@executable?5format?5error?$AA@ 000000018001b2c0     libcpmt:syserror.obj
 0002:000012d8       ??_C@_0P@DNAJLBJK@file?5too?5large?$AA@ 000000018001b2d8     libcpmt:syserror.obj
 0002:000012e8       ??_C@_0BB@DHFDFGDM@host?5unreachable?$AA@ 000000018001b2e8     libcpmt:syserror.obj
 0002:00001300       ??_C@_0BD@JPHBMONG@identifier?5removed?$AA@ 000000018001b300     libcpmt:syserror.obj
 0002:00001318       ??_C@_0BG@CDNPAGJK@illegal?5byte?5sequence?$AA@ 000000018001b318     libcpmt:syserror.obj
 0002:00001330       ??_C@_0CD@BNPLBMNA@inappropriate?5io?5control?5operati@ 000000018001b330     libcpmt:syserror.obj
 0002:00001358       ??_C@_0N@OHAFKDEK@invalid?5seek?$AA@ 000000018001b358     libcpmt:syserror.obj
 0002:00001368       ??_C@_0P@FLLDBIDK@is?5a?5directory?$AA@ 000000018001b368     libcpmt:syserror.obj
 0002:00001378       ??_C@_0N@IFLPBIOP@message?5size?$AA@ 000000018001b378     libcpmt:syserror.obj
 0002:00001388       ??_C@_0N@KIIEAAIO@network?5down?$AA@ 000000018001b388     libcpmt:syserror.obj
 0002:00001398       ??_C@_0O@FNPDBHEE@network?5reset?$AA@ 000000018001b398     libcpmt:syserror.obj
 0002:000013a8       ??_C@_0BE@IFNCKGE@network?5unreachable?$AA@ 000000018001b3a8     libcpmt:syserror.obj
 0002:000013c0       ??_C@_0BA@PFFCAOFK@no?5buffer?5space?$AA@ 000000018001b3c0     libcpmt:syserror.obj
 0002:000013d0       ??_C@_0BB@IEPBLJHK@no?5child?5process?$AA@ 000000018001b3d0     libcpmt:syserror.obj
 0002:000013e8       ??_C@_07PLECNNKG@no?5link?$AA@ 000000018001b3e8     libcpmt:syserror.obj
 0002:000013f0       ??_C@_0BF@PBGGPKKE@no?5message?5available?$AA@ 000000018001b3f0     libcpmt:syserror.obj
 0002:00001408       ??_C@_0L@EDOLMPAK@no?5message?$AA@ 000000018001b408     libcpmt:syserror.obj
 0002:00001418       ??_C@_0BD@EAMBFIDF@no?5protocol?5option?$AA@ 000000018001b418     libcpmt:syserror.obj
 0002:00001430       ??_C@_0BE@MKFDAFMP@no?5stream?5resources?$AA@ 000000018001b430     libcpmt:syserror.obj
 0002:00001448       ??_C@_0BK@IMCPHCBI@no?5such?5device?5or?5address?$AA@ 000000018001b448     libcpmt:syserror.obj
 0002:00001468       ??_C@_0BA@ENLPPKBN@no?5such?5process?$AA@ 000000018001b468     libcpmt:syserror.obj
 0002:00001478       ??_C@_0BA@DOCPFFJG@not?5a?5directory?$AA@ 000000018001b478     libcpmt:syserror.obj
 0002:00001488       ??_C@_0N@POEIPGGF@not?5a?5socket?$AA@ 000000018001b488     libcpmt:syserror.obj
 0002:00001498       ??_C@_0N@LGAPMMPI@not?5a?5stream?$AA@ 000000018001b498     libcpmt:syserror.obj
 0002:000014a8       ??_C@_0O@GLMIBBEG@not?5connected?$AA@ 000000018001b4a8     libcpmt:syserror.obj
 0002:000014b8       ??_C@_0O@NHEDABJP@not?5supported?$AA@ 000000018001b4b8     libcpmt:syserror.obj
 0002:000014c8       ??_C@_0BG@KDKHOPCO@operation?5in?5progress?$AA@ 000000018001b4c8     libcpmt:syserror.obj
 0002:000014e0       ??_C@_0BI@OHIEJAAB@operation?5not?5permitted?$AA@ 000000018001b4e0     libcpmt:syserror.obj
 0002:000014f8       ??_C@_0BI@LNEGIFLN@operation?5not?5supported?$AA@ 000000018001b4f8     libcpmt:syserror.obj
 0002:00001510       ??_C@_0BG@OEMDKMEE@operation?5would?5block?$AA@ 000000018001b510     libcpmt:syserror.obj
 0002:00001528       ??_C@_0L@BLPOFLNJ@owner?5dead?$AA@ 000000018001b528     libcpmt:syserror.obj
 0002:00001538       ??_C@_0P@FNPOCJBE@protocol?5error?$AA@ 000000018001b538     libcpmt:syserror.obj
 0002:00001548       ??_C@_0BH@JPPPLHJB@protocol?5not?5supported?$AA@ 000000018001b548     libcpmt:syserror.obj
 0002:00001560       ??_C@_0BG@EICBIHDP@read?5only?5file?5system?$AA@ 000000018001b560     libcpmt:syserror.obj
 0002:00001578       ??_C@_0BO@BJBOMOEJ@resource?5deadlock?5would?5occur?$AA@ 000000018001b578     libcpmt:syserror.obj
 0002:00001598       ??_C@_0BE@GOIPJJHG@result?5out?5of?5range?$AA@ 000000018001b598     libcpmt:syserror.obj
 0002:000015b0       ??_C@_0BG@MPLKFPAE@state?5not?5recoverable?$AA@ 000000018001b5b0     libcpmt:syserror.obj
 0002:000015c8       ??_C@_0P@DIIFGFCG@stream?5timeout?$AA@ 000000018001b5c8     libcpmt:syserror.obj
 0002:000015d8       ??_C@_0P@IPFDMIFL@text?5file?5busy?$AA@ 000000018001b5d8     libcpmt:syserror.obj
 0002:000015e8       ??_C@_09KJPPMAOI@timed?5out?$AA@ 000000018001b5e8     libcpmt:syserror.obj
 0002:000015f8       ??_C@_0BO@HACHBEKI@too?5many?5files?5open?5in?5system?$AA@ 000000018001b5f8     libcpmt:syserror.obj
 0002:00001618       ??_C@_0P@HCOMKFCC@too?5many?5links?$AA@ 000000018001b618     libcpmt:syserror.obj
 0002:00001628       ??_C@_0BO@EFGOJEF@too?5many?5symbolic?5link?5levels?$AA@ 000000018001b628     libcpmt:syserror.obj
 0002:00001648       ??_C@_0BA@KGKGOOJA@value?5too?5large?$AA@ 000000018001b648     libcpmt:syserror.obj
 0002:00001658       ??_C@_0BE@MIEJDDNH@wrong?5protocol?5type?$AA@ 000000018001b658     libcpmt:syserror.obj
 0002:000016c8       ??_7_Facet_base@std@@6B@   000000018001b6c8     libcpmt:locale0.obj
 0002:000016e8       ??_7_Locimp@locale@std@@6B@ 000000018001b6e8     libcpmt:locale0.obj
 0002:00001700       ??_C@_01NBENCBCI@?$CK?$AA@ 000000018001b700     libcpmt:locale0.obj
 0002:00001704       ??_C@_01GFHCPBMG@C?$AA@    000000018001b704     libcpmt:locale0.obj
 0002:00001828       ??_7runtime_error@std@@6B@ 000000018001b828     libcpmt:cout.obj
 0002:00001840       ??_7?$ctype@D@std@@6B@     000000018001b840     libcpmt:cout.obj
 0002:000018a0       ??_7_System_error@std@@6B@ 000000018001b8a0     libcpmt:cout.obj
 0002:000018b8       ??_7failure@ios_base@std@@6B@ 000000018001b8b8     libcpmt:cout.obj
 0002:000018d0       ??_7ios_base@std@@6B@      000000018001b8d0     libcpmt:cout.obj
 0002:000018e0       ??_7?$basic_ios@DU?$char_traits@D@std@@@std@@6B@ 000000018001b8e0     libcpmt:cout.obj
 0002:000018f0       ??_7?$basic_streambuf@DU?$char_traits@D@std@@@std@@6B@ 000000018001b8f0     libcpmt:cout.obj
 0002:00001970       ??_7?$basic_ostream@DU?$char_traits@D@std@@@std@@6B@ 000000018001b970     libcpmt:cout.obj
 0002:00001978       ??_8?$basic_ostream@DU?$char_traits@D@std@@@std@@7B@ 000000018001b978     libcpmt:cout.obj
 0002:00001988       ??_7?$basic_filebuf@DU?$char_traits@D@std@@@std@@6B@ 000000018001b988     libcpmt:cout.obj
 0002:00001a08       ??_7?$codecvt@DDH@std@@6B@ 000000018001ba08     libcpmt:cout.obj
 0002:00001a58       ??_C@_08EPJLHIJG@bad?5cast?$AA@ 000000018001ba58     libcpmt:cout.obj
 0002:00001a70       ??_7bad_alloc@std@@6B@     000000018001ba70     libcpmt:xthrow.obj
 0002:00001a80       ??_C@_0P@GHFPNOJB@bad?5allocation?$AA@ 000000018001ba80     libcpmt:xthrow.obj
 0002:00001a98       ??_7logic_error@std@@6B@   000000018001ba98     libcpmt:xthrow.obj
 0002:00001ab0       ??_7length_error@std@@6B@  000000018001bab0     libcpmt:xthrow.obj
 0002:00001ac8       ??_7out_of_range@std@@6B@  000000018001bac8     libcpmt:xthrow.obj
 0002:00001ad8       ?_BADOFF@std@@3_JB         000000018001bad8     libcpmt:ios.obj
 0002:00001ae0       ??_C@_11LOCGONAA@?$AA?$AA@ 000000018001bae0     libcpmt:wlocale.obj
 0002:00001ae4       ??_C@_01JOAMLHOP@?9?$AA@   000000018001bae4     libcpmt:wlocale.obj
 0002:00001bc8       __real@0000000000000000    000000018001bbc8     libcpmt:xprec.obj
 0002:00001c70       ??_C@_06MEIMCGCF@_hypot?$AA@ 000000018001bc70     LIBCMT:hypot.obj
 0002:00001c78       _pDefaultRawDllMain        000000018001bc78     LIBCMT:dllcrt0.obj
 0002:00001c78       _pRawDllMain               000000018001bc78     LIBCMT:dllcrt0.obj
 0002:00001d60       ??_7type_info@@6B@         000000018001bd60     LIBCMT:typinfo.obj
 0002:00001d68       _FPinit                    000000018001bd68     LIBCMT:fpinit.obj
 0002:00001d78       ??_7exception@std@@6B@     000000018001bd78     LIBCMT:stdexcpt.obj
 0002:00001d88       ??_C@_0BC@EOODALEL@Unknown?5exception?$AA@ 000000018001bd88     LIBCMT:stdexcpt.obj
 0002:00001da8       ??_7bad_cast@std@@6B@      000000018001bda8     LIBCMT:stdexcpt.obj
 0002:00001dc0       __newctype                 000000018001bdc0     LIBCMT:ctype.obj
 0002:000020c0       _wctype                    000000018001c0c0     LIBCMT:ctype.obj
 0002:000022d0       __newclmap                 000000018001c2d0     LIBCMT:ctype.obj
 0002:00002450       __newcumap                 000000018001c450     LIBCMT:ctype.obj
 0002:000025d0       ??_C@_1BK@MGMFAEKH@?$AAk?$AAe?$AAr?$AAn?$AAe?$AAl?$AA3?$AA2?$AA?4?$AAd?$AAl?$AAl?$AA?$AA@ 000000018001c5d0     LIBCMT:winapisupp.obj
 0002:000025f0       ??_C@_08KNHFBNJ@FlsAlloc?$AA@ 000000018001c5f0     LIBCMT:winapisupp.obj
 0002:00002600       ??_C@_07PEJMOBNF@FlsFree?$AA@ 000000018001c600     LIBCMT:winapisupp.obj
 0002:00002608       ??_C@_0M@GDNOONDI@FlsGetValue?$AA@ 000000018001c608     LIBCMT:winapisupp.obj
 0002:00002618       ??_C@_0M@JCPCPOEF@FlsSetValue?$AA@ 000000018001c618     LIBCMT:winapisupp.obj
 0002:00002628       ??_C@_0BM@HCFOFFN@InitializeCriticalSectionEx?$AA@ 000000018001c628     LIBCMT:winapisupp.obj
 0002:00002648       ??_C@_0P@DLHPPCNH@CreateEventExW?$AA@ 000000018001c648     LIBCMT:winapisupp.obj
 0002:00002658       ??_C@_0BD@KIEEOEEH@CreateSemaphoreExW?$AA@ 000000018001c658     LIBCMT:winapisupp.obj
 0002:00002670       ??_C@_0BI@BKLFFAPO@SetThreadStackGuarantee?$AA@ 000000018001c670     LIBCMT:winapisupp.obj
 0002:00002688       ??_C@_0BG@OGFAJCKC@CreateThreadpoolTimer?$AA@ 000000018001c688     LIBCMT:winapisupp.obj
 0002:000026a0       ??_C@_0BD@LPLEMMDI@SetThreadpoolTimer?$AA@ 000000018001c6a0     LIBCMT:winapisupp.obj
 0002:000026b8       ??_C@_0CA@FMNJENH@WaitForThreadpoolTimerCallbacks?$AA@ 000000018001c6b8     LIBCMT:winapisupp.obj
 0002:000026d8       ??_C@_0BF@DCFCCNOC@CloseThreadpoolTimer?$AA@ 000000018001c6d8     LIBCMT:winapisupp.obj
 0002:000026f0       ??_C@_0BF@FLABGKKM@CreateThreadpoolWait?$AA@ 000000018001c6f0     LIBCMT:winapisupp.obj
 0002:00002708       ??_C@_0BC@MGCOHNA@SetThreadpoolWait?$AA@ 000000018001c708     LIBCMT:winapisupp.obj
 0002:00002720       ??_C@_0BE@OCIOMIMP@CloseThreadpoolWait?$AA@ 000000018001c720     LIBCMT:winapisupp.obj
 0002:00002738       ??_C@_0BJ@LKGHFHBO@FlushProcessWriteBuffers?$AA@ 000000018001c738     LIBCMT:winapisupp.obj
 0002:00002758       ??_C@_0BP@KALKKPMO@FreeLibraryWhenCallbackReturns?$AA@ 000000018001c758     LIBCMT:winapisupp.obj
 0002:00002778       ??_C@_0BK@DFNBACLA@GetCurrentProcessorNumber?$AA@ 000000018001c778     LIBCMT:winapisupp.obj
 0002:00002798       ??_C@_0BP@KHGALBC@GetLogicalProcessorInformation?$AA@ 000000018001c798     LIBCMT:winapisupp.obj
 0002:000027b8       ??_C@_0BE@FKKLLFLM@CreateSymbolicLinkW?$AA@ 000000018001c7b8     LIBCMT:winapisupp.obj
 0002:000027d0       ??_C@_0BJ@OHNKDLIJ@SetDefaultDllDirectories?$AA@ 000000018001c7d0     LIBCMT:winapisupp.obj
 0002:000027f0       ??_C@_0BE@LJANKFHF@EnumSystemLocalesEx?$AA@ 000000018001c7f0     LIBCMT:winapisupp.obj
 0002:00002808       ??_C@_0BA@IHGNDAEB@CompareStringEx?$AA@ 000000018001c808     LIBCMT:winapisupp.obj
 0002:00002818       ??_C@_0BA@EPCJIIPD@GetDateFormatEx?$AA@ 000000018001c818     LIBCMT:winapisupp.obj
 0002:00002828       ??_C@_0BA@ONOKGCMP@GetLocaleInfoEx?$AA@ 000000018001c828     LIBCMT:winapisupp.obj
 0002:00002838       ??_C@_0BA@CIJJKCJJ@GetTimeFormatEx?$AA@ 000000018001c838     LIBCMT:winapisupp.obj
 0002:00002848       ??_C@_0BJ@PBCCBIPI@GetUserDefaultLocaleName?$AA@ 000000018001c848     LIBCMT:winapisupp.obj
 0002:00002868       ??_C@_0BC@CELBKLLA@IsValidLocaleName?$AA@ 000000018001c868     LIBCMT:winapisupp.obj
 0002:00002880       ??_C@_0O@KKBNKAPF@LCMapStringEx?$AA@ 000000018001c880     LIBCMT:winapisupp.obj
 0002:00002890       ??_C@_0BE@JOGNEJCI@GetCurrentPackageId?$AA@ 000000018001c890     LIBCMT:winapisupp.obj
[...]
 0004:00000c48       $pdata$?setSBCS@@YAXPEAUthreadmbcinfostruct@@@Z 000000018002bc48     LIBCMT:mbctype.obj
 0004:00000c54       $pdata$?setSBUpLow@@YAXPEAUthreadmbcinfostruct@@@Z 000000018002bc54     LIBCMT:mbctype.obj
 0004:00000c60       $pdata$__updatetmbcinfo    000000018002bc60     LIBCMT:mbctype.obj
 0004:00000c6c       $pdata$_setmbcp            000000018002bc6c     LIBCMT:mbctype.obj
 0004:00000c78       $pdata$_setmbcp_nolock     000000018002bc78     LIBCMT:mbctype.obj
 0004:00000c84       $pdata$_freefls            000000018002bc84     LIBCMT:tidtable.obj
 0004:00000c90       $pdata$_freeptd            000000018002bc90     LIBCMT:tidtable.obj
 0004:00000c9c       $pdata$_getptd             000000018002bc9c     LIBCMT:tidtable.obj
 0004:00000ca8       $pdata$_getptd_noexit      000000018002bca8     LIBCMT:tidtable.obj
 0004:00000cb4       $pdata$_initptd            000000018002bcb4     LIBCMT:tidtable.obj
 0004:00000cc0       $pdata$_mtinit             000000018002bcc0     LIBCMT:tidtable.obj
 0004:00000ccc       $pdata$_mtterm             000000018002bccc     LIBCMT:tidtable.obj
 0004:00000cd8       $pdata$_locterm            000000018002bcd8     LIBCMT:wsetloca.obj
 0004:00000ce4       $pdata$__copy_locale_name  000000018002bce4     LIBCMT:wsetloca.obj
 0004:00000cf0       $pdata$__lc_lctowcs        000000018002bcf0     LIBCMT:wsetloca.obj
 0004:00000cfc       $pdata$__lc_wcstolc        000000018002bcfc     LIBCMT:wsetloca.obj
 0004:00000d08       $pdata$_copytlocinfo_nolock 000000018002bd08     LIBCMT:wsetloca.obj
 0004:00000d14       $pdata$_expandlocale       000000018002bd14     LIBCMT:wsetloca.obj
 0004:00000d20       $pdata$_wcscats            000000018002bd20     LIBCMT:wsetloca.obj
 0004:00000d2c       $pdata$_wsetlocale         000000018002bd2c     LIBCMT:wsetloca.obj
 0004:00000d38       $pdata$_wsetlocale_get_all 000000018002bd38     LIBCMT:wsetloca.obj
 0004:00000d44       $pdata$_wsetlocale_nolock  000000018002bd44     LIBCMT:wsetloca.obj
 0004:00000d50       $pdata$_wsetlocale_set_cat 000000018002bd50     LIBCMT:wsetloca.obj
 0004:00000d5c       $pdata$_XcptFilter         000000018002bd5c     LIBCMT:winxfltr.obj
 0004:00000d68       $pdata$_ioinit             000000018002bd68     LIBCMT:ioinit.obj
 0004:00000d74       $pdata$_ioterm             000000018002bd74     LIBCMT:ioinit.obj
 0004:00000d80       $pdata$_setargv            000000018002bd80     LIBCMT:stdargv.obj
 0004:00000d8c       $pdata$parse_cmdline       000000018002bd8c     LIBCMT:stdargv.obj
 0004:00000d98       $pdata$_setenvp            000000018002bd98     LIBCMT:stdenvp.obj
 0004:00000da4       $pdata$__security_init_cookie 000000018002bda4     LIBCMT:gs_support.obj
 0004:00000db0       $pdata$__crtGetEnvironmentStringsA 000000018002bdb0     LIBCMT:a_env.obj
 0004:00000dbc       $pdata$_RTC_Initialize     000000018002bdbc     LIBCMT:initsect.obj
 0004:00000dc8       $pdata$_RTC_Terminate      000000018002bdc8     LIBCMT:initsect.obj
 0004:00000dd4       $pdata$__DestructExceptionObject 000000018002bdd4     LIBCMT:frame.obj
 0004:00000de0       $pdata$??0bad_exception@std@@QEAA@AEBV01@@Z 000000018002bde0     LIBCMT:frame.obj
 0004:00000dec       $pdata$??_Gbad_exception@std@@UEAAPEAXI@Z 000000018002bdec     LIBCMT:frame.obj
 0004:00000df8       $pdata$?CatchIt@@YAXPEAUEHExceptionRecord@@PEA_KPEAU_CONTEXT@@PEAU_xDISPATCHER_CONTEXT@@PEBU_s_FuncInfo@@PEBU_s_HandlerType@@PEBU_s_CatchableType@@PEBU_s_TryBlockMapEntry@@H1EE@Z 000000018002bdf8     LIBCMT:frame.obj
 0004:00000e04       $pdata$?FindHandler@@YAXPEAUEHExceptionRecord@@PEA_KPEAU_CONTEXT@@PEAU_xDISPATCHER_CONTEXT@@PEBU_s_FuncInfo@@EH1@Z 000000018002be04     LIBCMT:frame.obj
 0004:00000e10       $pdata$?FindHandlerForForeignException@@YAXPEAUEHExceptionRecord@@PEA_KPEAU_CONTEXT@@PEAU_xDISPATCHER_CONTEXT@@PEBU_s_FuncInfo@@HH1@Z 000000018002be10     LIBCMT:frame.obj
 0004:00000e1c       $pdata$?IsInExceptionSpec@@YAEPEAUEHExceptionRecord@@PEBU_s_ESTypeList@@@Z 000000018002be1c     LIBCMT:frame.obj
 0004:00000e28       $pdata$__BuildCatchObject  000000018002be28     LIBCMT:frame.obj
 0004:00000e34       $pdata$__BuildCatchObjectHelper 000000018002be34     LIBCMT:frame.obj
 0004:00000e40       $pdata$__CxxCallCatchBlock 000000018002be40     LIBCMT:frame.obj
 0004:00000e4c       $pdata$__FrameUnwindFilter 000000018002be4c     LIBCMT:frame.obj
 0004:00000e58       $pdata$__FrameUnwindToState 000000018002be58     LIBCMT:frame.obj
 0004:00000e64       $pdata$__InternalCxxFrameHandler 000000018002be64     LIBCMT:frame.obj
 0004:00000e70       $pdata$__TypeMatch         000000018002be70     LIBCMT:frame.obj
 0004:00000e7c       $pdata$?__GetCurrentState@@YAHPEA_KPEAU_xDISPATCHER_CONTEXT@@PEBU_s_FuncInfo@@@Z 000000018002be7c     LIBCMT:ehstate.obj
 0004:00000e88       $pdata$?__GetUnwindTryBlock@@YAHPEA_KPEAU_xDISPATCHER_CONTEXT@@PEBU_s_FuncInfo@@@Z 000000018002be88     LIBCMT:ehstate.obj
 0004:00000e94       $pdata$?__SetUnwindTryBlock@@YAXPEA_KPEAU_xDISPATCHER_CONTEXT@@PEBU_s_FuncInfo@@H@Z 000000018002be94     LIBCMT:ehstate.obj
 0004:00000ea0       $pdata$?__StateFromIp@@YAHPEBU_s_FuncInfo@@PEAU_xDISPATCHER_CONTEXT@@_J@Z 000000018002bea0     LIBCMT:ehstate.obj
 0004:00000eac       $pdata$?_inconsistency@@YAXXZ 000000018002beac     LIBCMT:hooks.obj
 0004:00000eb8       $pdata$?terminate@@YAXXZ   000000018002beb8     LIBCMT:hooks.obj
 0004:00000ec4       $pdata$_initp_eh_hooks     000000018002bec4     LIBCMT:hooks.obj
 0004:00000ed0       $pdata$?_Type_info_dtor@type_info@@CAXPEAV1@@Z 000000018002bed0     LIBCMT:typname.obj
 0004:00000edc       $pdata$_cfltcvt            000000018002bedc     LIBCMT:cvt.obj
 0004:00000ee8       $pdata$_cfltcvt_l          000000018002bee8     LIBCMT:cvt.obj
 0004:00000ef4       $pdata$_cftoa_l            000000018002bef4     LIBCMT:cvt.obj
 0004:00000f00       $pdata$_cftoe2_l           000000018002bf00     LIBCMT:cvt.obj
 0004:00000f0c       $pdata$_cftoe_l            000000018002bf0c     LIBCMT:cvt.obj
 0004:00000f18       $pdata$_cftof2_l           000000018002bf18     LIBCMT:cvt.obj
 0004:00000f24       $pdata$_cftof_l            000000018002bf24     LIBCMT:cvt.obj
 0004:00000f30       $pdata$_cftog_l            000000018002bf30     LIBCMT:cvt.obj
 0004:00000f3c       $pdata$_cropzeros_l        000000018002bf3c     LIBCMT:cvt.obj
 0004:00000f48       $pdata$_fassign_l          000000018002bf48     LIBCMT:cvt.obj
 0004:00000f54       $pdata$_forcdecpt_l        000000018002bf54     LIBCMT:cvt.obj
 0004:00000f60       $pdata$_initp_misc_cfltcvt_tab 000000018002bf60     LIBCMT:cmiscdat.obj
 0004:00000f6c       $pdata$_FF_MSGBANNER       000000018002bf6c     LIBCMT:crt0msg.obj
 0004:00000f78       $pdata$_NMSG_WRITE         000000018002bf78     LIBCMT:crt0msg.obj
 0004:00000f84       $pdata$_mbstowcs_l_helper  000000018002bf84     LIBCMT:mbstowcs.obj
 0004:00000f90       $pdata$_mbstowcs_s_l       000000018002bf90     LIBCMT:mbstowcs.obj
 0004:00000f9c       $pdata$mbstowcs_s          000000018002bf9c     LIBCMT:mbstowcs.obj
 0004:00000fa8       $pdata$_wcstombs_l_helper  000000018002bfa8     LIBCMT:wcstombs.obj
 0004:00000fb4       $pdata$_wcstombs_s_l       000000018002bfb4     LIBCMT:wcstombs.obj
 0004:00000fc0       $pdata$_fcloseall          000000018002bfc0     LIBCMT:closeall.obj
 0004:00000fcc       $pdata$_fileno             000000018002bfcc     LIBCMT:fileno.obj
 0004:00000fd8       $pdata$_close              000000018002bfd8     LIBCMT:close.obj
 0004:00000fe4       $pdata$_close_nolock       000000018002bfe4     LIBCMT:close.obj
 0004:00000ff0       $pdata$_freebuf            000000018002bff0     LIBCMT:_freebuf.obj
 0004:00000ffc       $pdata$_commit             000000018002bffc     LIBCMT:commit.obj
 0004:00001008       $pdata$_write              000000018002c008     LIBCMT:write.obj
 0004:00001014       $pdata$_write_nolock       000000018002c014     LIBCMT:write.obj
 0004:00001020       $pdata$_filbuf             000000018002c020     LIBCMT:_filbuf.obj
 0004:0000102c       $pdata$_ftelli64           000000018002c02c     LIBCMT:ftelli64.obj
 0004:00001038       $pdata$_ftelli64_nolock    000000018002c038     LIBCMT:ftelli64.obj
 0004:00001044       $pdata$_flsbuf             000000018002c044     LIBCMT:_flsbuf.obj
 0004:00001050       $pdata$_lseeki64           000000018002c050     LIBCMT:lseeki64.obj
 0004:0000105c       $pdata$_lseeki64_nolock    000000018002c05c     LIBCMT:lseeki64.obj
 0004:00001068       $pdata$_getbuf             000000018002c068     LIBCMT:_getbuf.obj
 0004:00001074       $pdata$strcpy_s            000000018002c074     LIBCMT:strcpy_s.obj
 0004:00001080       $pdata$_isctype_l          000000018002c080     LIBCMT:isctype.obj
 0004:0000108c       $pdata$calloc              000000018002c08c     LIBCMT:calloc.obj
 0004:00001098       $pdata$wcscpy_s            000000018002c098     LIBCMT:wcscpy_s.obj
 0004:000010a4       $pdata$?__crtGetStringTypeA_stat@@YAHPEAUlocaleinfo_struct@@KPEBDHPEAGHH@Z 000000018002c0a4     LIBCMT:a_str.obj
 0004:000010b0       $pdata$__crtGetStringTypeA 000000018002c0b0     LIBCMT:a_str.obj
 0004:000010c8       $pdata$realloc             000000018002c0c8     LIBCMT:realloc.obj
 0004:000010d4       $pdata$_calloc_impl        000000018002c0d4     LIBCMT:calloc_impl.obj
 0004:000010e0       $pdata$_wcsicmp            000000018002c0e0     LIBCMT:wcsicmp.obj
 0004:000010ec       $pdata$_wcsicmp_l          000000018002c0ec     LIBCMT:wcsicmp.obj
 0004:000010f8       $pdata$_isleadbyte_l       000000018002c0f8     LIBCMT:_wctype.obj
 0004:00001104       $pdata$isleadbyte          000000018002c104     LIBCMT:_wctype.obj
 0004:00001110       $pdata$_IsNonwritableInCurrentImage 000000018002c110     LIBCMT:pesect.obj
 0004:0000114c       $pdata$strncpy_s           000000018002c14c     LIBCMT:strncpy_s.obj
 0004:00001158       $pdata$?__crtGetLocaleInfoA_stat@@YAHPEAUlocaleinfo_struct@@PEB_WKPEADH@Z 000000018002c158     LIBCMT:a_loc.obj
 0004:00001164       $pdata$__crtGetLocaleInfoA 000000018002c164     LIBCMT:a_loc.obj
 0004:0000117c       $pdata$__free_lconv_mon    000000018002c17c     LIBCMT:initmon.obj
 0004:00001188       $pdata$__init_monetary     000000018002c188     LIBCMT:initmon.obj
 0004:00001194       $pdata$__free_lconv_num    000000018002c194     LIBCMT:initnum.obj
 0004:000011a0       $pdata$__init_numeric      000000018002c1a0     LIBCMT:initnum.obj
 0004:000011ac       $pdata$__free_lc_time      000000018002c1ac     LIBCMT:inittime.obj
 0004:000011b8       $pdata$__init_time         000000018002c1b8     LIBCMT:inittime.obj
 0004:000011c4       $pdata$_get_lc_time        000000018002c1c4     LIBCMT:inittime.obj
 0004:000011d0       $pdata$wcscat_s            000000018002c1d0     LIBCMT:wcscat_s.obj
 0004:000011dc       $pdata$wcsncpy_s           000000018002c1dc     LIBCMT:wcsncpy_s.obj
 0004:000011e8       $pdata$GetLocaleNameFromLangCountry 000000018002c1e8     LIBCMT:getqloc.obj
 0004:000011f4       $pdata$GetLocaleNameFromLanguage 000000018002c1f4     LIBCMT:getqloc.obj
 0004:00001200       $pdata$LangCountryEnumProcEx 000000018002c200     LIBCMT:getqloc.obj
 0004:0000120c       $pdata$LanguageEnumProcEx  000000018002c20c     LIBCMT:getqloc.obj
 0004:00001218       $pdata$ProcessCodePage     000000018002c218     LIBCMT:getqloc.obj
 0004:00001224       $pdata$TestDefaultCountry  000000018002c224     LIBCMT:getqloc.obj
 0004:00001230       $pdata$__get_qualified_locale 000000018002c230     LIBCMT:getqloc.obj
 0004:0000123c       $pdata$CountryEnumProc     000000018002c23c     LIBCMT:getqloc_downlevel.obj
 0004:00001248       $pdata$GetLcidFromLangCountry 000000018002c248     LIBCMT:getqloc_downlevel.obj
 0004:00001254       $pdata$GetLcidFromLanguage 000000018002c254     LIBCMT:getqloc_downlevel.obj
 0004:00001260       $pdata$LangCountryEnumProc 000000018002c260     LIBCMT:getqloc_downlevel.obj
 0004:0000126c       $pdata$LanguageEnumProc    000000018002c26c     LIBCMT:getqloc_downlevel.obj
 0004:00001278       $pdata$ProcessCodePage     000000018002c278     LIBCMT:getqloc_downlevel.obj
 0004:00001284       $pdata$TestDefaultLanguage 000000018002c284     LIBCMT:getqloc_downlevel.obj
 0004:00001290       $pdata$TranslateName       000000018002c290     LIBCMT:getqloc_downlevel.obj
 0004:00001290       $pdata$TranslateName       000000018002c290     LIBCMT:getqloc_downlevel.obj
 0004:0000129c       $pdata$__get_qualified_locale_downlevel 000000018002c29c     LIBCMT:getqloc_downlevel.obj
 0004:000012b4       $pdata$strrchr             000000018002c2b4     LIBCMT:strrchr.obj
 0004:000012c0       $pdata$_fptostr            000000018002c2c0     LIBCMT:_fptostr.obj
 0004:000012cc       $pdata$__crt_atoflt_l      000000018002c2cc     LIBCMT:atodbl.obj
 0004:000012d8       $pdata$_atodbl_l           000000018002c2d8     LIBCMT:atodbl.obj
 0004:000012e4       $pdata$__dtold             000000018002c2e4     LIBCMT:cfout.obj
 0004:000012f0       $pdata$_fltout2            000000018002c2f0     LIBCMT:cfout.obj
 0004:000012fc       $pdata$_set_error_mode     000000018002c2fc     LIBCMT:errmode.obj
 0004:00001308       $pdata$__crtMessageBoxW    000000018002c308     LIBCMT:crtmboxw.obj
 0004:00001314       $pdata$__lock_fhandle      000000018002c314     LIBCMT:osfinfo.obj
 0004:00001320       $pdata$_free_osfhnd        000000018002c320     LIBCMT:osfinfo.obj
 0004:0000132c       $pdata$_get_osfhandle      000000018002c32c     LIBCMT:osfinfo.obj
 0004:00001338       $pdata$_isatty             000000018002c338     LIBCMT:isatty.obj
 0004:00001344       $pdata$_mbtowc_l           000000018002c344     LIBCMT:mbtowc.obj
 0004:00001350       $pdata$_putwch_nolock      000000018002c350     LIBCMT:putwch.obj
 0004:0000135c       $pdata$_read               000000018002c35c     LIBCMT:read.obj
 0004:00001368       $pdata$_read_nolock        000000018002c368     LIBCMT:read.obj
 0004:00001374       $pdata$_towlower_l         000000018002c374     LIBCMT:towlower.obj
 0004:00001380       $pdata$iswctype            000000018002c380     LIBCMT:iswctype.obj
 0004:0000138c       $pdata$_itow_s             000000018002c38c     LIBCMT:xtows.obj
 0004:00001398       $pdata$xtow_s              000000018002c398     LIBCMT:xtows.obj
 0004:000013a4       $pdata$wcschr              000000018002c3a4     LIBCMT:wcschr.obj
 0004:000013b0       $pdata$_wcsnicmp           000000018002c3b0     LIBCMT:wcsnicmp.obj
 0004:000013bc       $pdata$_wcsnicmp_l         000000018002c3bc     LIBCMT:wcsnicmp.obj
 0004:000013c8       $pdata$_ld12tod            000000018002c3c8     LIBCMT:intrncvt.obj
 0004:000013d4       $pdata$_ld12tof            000000018002c3d4     LIBCMT:intrncvt.obj
 0004:000013e0       $pdata$__strgtold12_l      000000018002c3e0     LIBCMT:strgtold.obj
 0004:000013ec       $pdata$$I10_OUTPUT         000000018002c3ec     LIBCMT:x10fout.obj
 0004:000013f8       $pdata$__termconout        000000018002c3f8     LIBCMT:initcon.obj
 0004:00001404       $pdata$__initconout        000000018002c404     LIBCMT:initcon.obj
 0004:00001410       $pdata$?wcstoxl@@YAKPEB_WPEAPEB_WHH@Z 000000018002c410     LIBCMT:wcstol.obj
 0004:0000141c       $pdata$__mtold12           000000018002c41c     LIBCMT:mantold.obj
 0004:00001428       $pdata$__delayLoadHelper2  000000018002c428     DelayImp:delayhlp.obj
 0004:00001434       $pdata$?dtor$0@?0???0?$basic_ostream@DU?$char_traits@D@std@@@std@@QEAA@PEAV?$basic_streambuf@DU?$char_traits@D@std@@@1@_N@Z@4HA 000000018002c434     libcpmt:cout.obj
 0004:00001440       $pdata$_onexit$fin$0       000000018002c440     LIBCMT:onexit.obj
 0004:0000144c       $pdata$_CRT_INIT$fin$0     000000018002c44c     LIBCMT:dllcrt0.obj
 0004:00001458       $pdata$__DllMainCRTStartup$filt$0 000000018002c458     LIBCMT:dllcrt0.obj
 0004:00001464       $pdata$_CallSETranslator$filt$0 000000018002c464     LIBCMT:trnsctrl.obj
 0004:00001470       $pdata$setlocale$fin$0     000000018002c470     LIBCMT:setlocal.obj
 0004:0000147c       $pdata$fflush$fin$0        000000018002c47c     LIBCMT:fclose.obj
 0004:0000147c       $pdata$_fseeki64$fin$0     000000018002c47c     LIBCMT:fclose.obj
 0004:0000147c       $pdata$fclose$fin$0        000000018002c47c     LIBCMT:fclose.obj
 0004:0000147c       $pdata$fgetc$fin$0         000000018002c47c     LIBCMT:fclose.obj
 0004:0000147c       $pdata$_ftelli64$fin$0     000000018002c47c     LIBCMT:fclose.obj
 0004:00001488       $pdata$flsall$fin$0        000000018002c488     LIBCMT:fflush.obj
 0004:00001494       $pdata$flsall$fin$1        000000018002c494     LIBCMT:fflush.obj
 0004:000014a0       $pdata$fwrite$fin$0        000000018002c4a0     LIBCMT:fwrite.obj
 0004:000014ac       $pdata$setvbuf$fin$0       000000018002c4ac     LIBCMT:setvbuf.obj
 0004:000014b8       $pdata$fputc$fin$0         000000018002c4b8     LIBCMT:ungetc.obj
 0004:000014b8       $pdata$ungetc$fin$0        000000018002c4b8     LIBCMT:ungetc.obj
 0004:000014c4       $pdata$_mtinitlocknum$fin$0 000000018002c4c4     LIBCMT:mlock.obj
 0004:000014d0       $pdata$doexit$fin$0        000000018002c4d0     LIBCMT:crt0dat.obj
 0004:000014dc       $pdata$raise$fin$0         000000018002c4dc     LIBCMT:winsig.obj
 0004:000014e8       $pdata$__updatetlocinfo$fin$0 000000018002c4e8     LIBCMT:localref.obj
 0004:000014e8       $pdata$_locterm$fin$0      000000018002c4e8     LIBCMT:localref.obj
 0004:000014f4       $pdata$_setmbcp$fin$0      000000018002c4f4     LIBCMT:mbctype.obj
 0004:000014f4       $pdata$__updatetmbcinfo$fin$0 000000018002c4f4     LIBCMT:mbctype.obj
 0004:00001500       $pdata$_initptd$fin$1      000000018002c500     LIBCMT:tidtable.obj
 0004:00001500       $pdata$_freefls$fin$1      000000018002c500     LIBCMT:tidtable.obj
 0004:0000150c       $pdata$_freefls$fin$0      000000018002c50c     LIBCMT:tidtable.obj
 0004:0000150c       $pdata$_initptd$fin$0      000000018002c50c     LIBCMT:tidtable.obj
 0004:00001518       $pdata$_wsetlocale$fin$1   000000018002c518     LIBCMT:wsetloca.obj
 0004:00001524       $pdata$_wsetlocale$fin$0   000000018002c524     LIBCMT:wsetloca.obj
 0004:00001530       $pdata$_wsetlocale$fin$2   000000018002c530     LIBCMT:wsetloca.obj
 0004:0000153c       $pdata$_ioinit$fin$0       000000018002c53c     LIBCMT:ioinit.obj
 0004:00001548       $pdata$__CxxCallCatchBlock$filt$0 000000018002c548     LIBCMT:frame.obj
 0004:00001554       $pdata$__CxxCallCatchBlock$fin$1 000000018002c554     LIBCMT:frame.obj
 0004:00001560       $pdata$__DestructExceptionObject$filt$0 000000018002c560     LIBCMT:frame.obj
 0004:0000156c       $pdata$__FrameUnwindToState$filt$0 000000018002c56c     LIBCMT:frame.obj
 0004:00001578       $pdata$__FrameUnwindToState$fin$1 000000018002c578     LIBCMT:frame.obj
 0004:00001584       $pdata$?fin$0@?0??_Type_info_dtor@type_info@@CAXPEAV1@@Z@4HA 000000018002c584     LIBCMT:typname.obj
 0004:00001590       $pdata$_fcloseall$fin$0    000000018002c590     LIBCMT:closeall.obj
 0004:0000159c       $pdata$_commit$fin$0       000000018002c59c     LIBCMT:commit.obj
 0004:0000159c       $pdata$_close$fin$0        000000018002c59c     LIBCMT:commit.obj
 0004:000015a8       $pdata$_IsNonwritableInCurrentImage$filt$0 000000018002c5a8     LIBCMT:pesect.obj
 0004:000015b4       $pdata$__lock_fhandle$fin$0 000000018002c5b4     LIBCMT:osfinfo.obj
 0004:000015c0       $pdata$_lseeki64$fin$0     000000018002c5c0     LIBCMT:read.obj
 0004:000015c0       $pdata$_write$fin$0        000000018002c5c0     LIBCMT:read.obj
 0004:000015c0       $pdata$_read$fin$0         000000018002c5c0     LIBCMT:read.obj
 0004:000015cc       $pdata$??__F_Fac_tidy_reg@std@@YAXXZ 000000018002c5cc     libcpmt:locale0.obj
 0004:000015d8       $pdata$??__Fclassic_locale@std@@YAXXZ 000000018002c5d8     libcpmt:locale0.obj
 0004:000015e4       $pdata$??__Finit_atexit@@YAXXZ 000000018002c5e4     libcpmt:iosptrs.obj
 0005:00000060       $R000000                   000000018002d060     * linker generated manifest res *

 Exports

  ordinal    name

        1    _register_index_
